[synapse-embed-profile] modernbert_plan batch=8 seq=64 plan_ms=16.494
[synapse-embed-profile] modernbert_executable batch=8 seq=64 cached=0 select_ms=138.761
[synapse-embed-profile] modernbert_execute batch=8 seq=64 execute_ms=31.649
[synapse-embed-profile] modernbert_readback batch=8 seq=64 readback_ms=0.051 total_ms=208.173
[synapse-embed-profile] modernbert_forward batch=8 seq=64 forward_ms=220.839
[synapse-embed-profile] modernbert_embed_ids items=1 shape=8x64 total_ms=220.919
[synapse-embed-profile] modernbert_plan batch=8 seq=96 plan_ms=15.655
[synapse-embed-profile] modernbert_executable batch=8 seq=96 cached=0 select_ms=127.922
[synapse-embed-profile] modernbert_execute batch=8 seq=96 execute_ms=20.995
[synapse-embed-profile] modernbert_readback batch=8 seq=96 readback_ms=0.076 total_ms=165.078
[synapse-embed-profile] modernbert_forward batch=8 seq=96 forward_ms=183.339
[synapse-embed-profile] modernbert_embed_ids items=1 shape=8x96 total_ms=183.395
[synapse-embed-profile] modernbert_plan batch=8 seq=128 plan_ms=15.806
[synapse-embed-profile] modernbert_executable batch=8 seq=128 cached=0 select_ms=126.802
[synapse-embed-profile] modernbert_execute batch=8 seq=128 execute_ms=24.629
[synapse-embed-profile] modernbert_readback batch=8 seq=128 readback_ms=0.107 total_ms=167.808
[synapse-embed-profile] modernbert_forward batch=8 seq=128 forward_ms=192.632
[synapse-embed-profile] modernbert_embed_ids items=1 shape=8x128 total_ms=192.717
[synapse-embed-profile] modernbert_plan batch=8 seq=160 plan_ms=15.758
[synapse-embed-profile] modernbert_executable batch=8 seq=160 cached=0 select_ms=127.216
[synapse-embed-profile] modernbert_execute batch=8 seq=160 execute_ms=30.858
[synapse-embed-profile] modernbert_readback batch=8 seq=160 readback_ms=0.125 total_ms=174.503
[synapse-embed-profile] modernbert_forward batch=8 seq=160 forward_ms=205.702
[synapse-embed-profile] modernbert_embed_ids items=1 shape=8x160 total_ms=205.771
[synapse-embed-profile] modernbert_plan batch=8 seq=192 plan_ms=16.331
[synapse-embed-profile] modernbert_executable batch=8 seq=192 cached=0 select_ms=126.925
[synapse-embed-profile] modernbert_execute batch=8 seq=192 execute_ms=34.896
[synapse-embed-profile] modernbert_readback batch=8 seq=192 readback_ms=0.150 total_ms=178.954
[synapse-embed-profile] modernbert_forward batch=8 seq=192 forward_ms=217.893
[synapse-embed-profile] modernbert_embed_ids items=1 shape=8x192 total_ms=217.963
[synapse-embed-profile] modernbert_plan batch=8 seq=256 plan_ms=16.152
[synapse-embed-profile] modernbert_executable batch=8 seq=256 cached=0 select_ms=128.403
[synapse-embed-profile] modernbert_execute batch=8 seq=256 execute_ms=44.942
[synapse-embed-profile] modernbert_readback batch=8 seq=256 readback_ms=0.182 total_ms=190.565
[synapse-embed-profile] modernbert_forward batch=8 seq=256 forward_ms=244.599
[synapse-embed-profile] modernbert_embed_ids items=1 shape=8x256 total_ms=244.683
[synapse-embed-profile] modernbert_plan batch=8 seq=320 plan_ms=16.026
[synapse-embed-profile] modernbert_executable batch=8 seq=320 cached=0 select_ms=129.170
[synapse-embed-profile] modernbert_execute batch=8 seq=320 execute_ms=55.402
[synapse-embed-profile] modernbert_readback batch=8 seq=320 readback_ms=0.239 total_ms=201.912
[synapse-embed-profile] modernbert_forward batch=8 seq=320 forward_ms=272.150
[synapse-embed-profile] modernbert_embed_ids items=1 shape=8x320 total_ms=272.213
[synapse-embed-profile] modernbert_plan batch=8 seq=384 plan_ms=15.915
[synapse-embed-profile] modernbert_executable batch=8 seq=384 cached=0 select_ms=126.337
[synapse-embed-profile] modernbert_execute batch=8 seq=384 execute_ms=68.873
[synapse-embed-profile] modernbert_readback batch=8 seq=384 readback_ms=0.343 total_ms=212.759
[synapse-embed-profile] modernbert_forward batch=8 seq=384 forward_ms=299.633
[synapse-embed-profile] modernbert_embed_ids items=1 shape=8x384 total_ms=299.716
[synapse-embed-profile] modernbert_plan batch=8 seq=448 plan_ms=15.620
[synapse-embed-profile] modernbert_executable batch=8 seq=448 cached=0 select_ms=126.066
[synapse-embed-profile] modernbert_execute batch=8 seq=448 execute_ms=79.773
[synapse-embed-profile] modernbert_readback batch=8 seq=448 readback_ms=0.358 total_ms=224.174
[synapse-embed-profile] modernbert_forward batch=8 seq=448 forward_ms=332.553
[synapse-embed-profile] modernbert_embed_ids items=1 shape=8x448 total_ms=332.647
[synapse-embed-profile] modernbert_plan batch=8 seq=512 plan_ms=16.321
[synapse-embed-profile] modernbert_executable batch=8 seq=512 cached=0 select_ms=128.034
[synapse-embed-profile] modernbert_execute batch=8 seq=512 execute_ms=98.875
[synapse-embed-profile] modernbert_readback batch=8 seq=512 readback_ms=0.495 total_ms=245.723
[synapse-embed-profile] modernbert_forward batch=8 seq=512 forward_ms=370.677
[synapse-embed-profile] modernbert_embed_ids items=1 shape=8x512 total_ms=370.754
[synapse-embed-profile] modernbert_plan batch=1 seq=8192 plan_ms=16.789
[synapse-embed-profile] modernbert_executable batch=1 seq=8192 cached=0 select_ms=130.799
[synapse-embed-profile] modernbert_execute batch=1 seq=8192 execute_ms=520.143
[synapse-embed-profile] modernbert_readback batch=1 seq=8192 readback_ms=1.604 total_ms=734.193
[synapse-embed-profile] modernbert_forward batch=1 seq=8192 forward_ms=2609.421
[synapse-embed-profile] modernbert_embed_ids items=1 shape=1x8192 total_ms=2609.516
[synapse-embed-profile] bucket_select call=1 items=1 max_tokens=511 shape=8x512 select_ms=0.003
[synapse-embed-profile] modernbert_plan batch=8 seq=512 plan_ms=0.019
[synapse-embed-profile] modernbert_executable batch=8 seq=512 cached=1 select_ms=0.000
[synapse-embed-profile] modernbert_execute batch=8 seq=512 execute_ms=99.099
[synapse-embed-profile] modernbert_readback batch=8 seq=512 readback_ms=0.439 total_ms=101.551
[synapse-embed-profile] modernbert_forward batch=8 seq=512 forward_ms=222.813
[synapse-embed-profile] modernbert_embed_ids items=1 shape=8x512 total_ms=222.901
[synapse-embed-profile] family_return call=1 inference_ms=222.923
[synapse-embed-profile] bucket_total items=1 bucket_calls=1 total_ms=222.965
[synapse-embed-profile] bucket_select call=1 items=1 max_tokens=511 shape=8x512 select_ms=0.002
[synapse-embed-profile] modernbert_plan batch=8 seq=512 plan_ms=0.017
[synapse-embed-profile] modernbert_executable batch=8 seq=512 cached=1 select_ms=0.000
[synapse-embed-profile] modernbert_execute batch=8 seq=512 execute_ms=98.221
[synapse-embed-profile] modernbert_readback batch=8 seq=512 readback_ms=0.371 total_ms=100.730
[synapse-embed-profile] modernbert_forward batch=8 seq=512 forward_ms=220.844
[synapse-embed-profile] modernbert_embed_ids items=1 shape=8x512 total_ms=220.929
[synapse-embed-profile] family_return call=1 inference_ms=220.948
[synapse-embed-profile] bucket_total items=1 bucket_calls=1 total_ms=220.986
[synapse-embed-profile] bucket_select call=1 items=1 max_tokens=511 shape=8x512 select_ms=0.002
[synapse-embed-profile] modernbert_plan batch=8 seq=512 plan_ms=0.015
[synapse-embed-profile] modernbert_executable batch=8 seq=512 cached=1 select_ms=0.000
[synapse-embed-profile] modernbert_execute batch=8 seq=512 execute_ms=98.218
[synapse-embed-profile] modernbert_readback batch=8 seq=512 readback_ms=0.398 total_ms=100.413
[synapse-embed-profile] modernbert_forward batch=8 seq=512 forward_ms=220.805
[synapse-embed-profile] modernbert_embed_ids items=1 shape=8x512 total_ms=220.936
[synapse-embed-profile] family_return call=1 inference_ms=220.955
[synapse-embed-profile] bucket_total items=1 bucket_calls=1 total_ms=220.994
[synapse-embed-profile] bucket_select call=1 items=1 max_tokens=513 shape=1x8192 select_ms=0.002
[synapse-embed-profile] modernbert_plan batch=1 seq=8192 plan_ms=0.015
[synapse-embed-profile] modernbert_executable batch=1 seq=8192 cached=1 select_ms=0.000
[synapse-embed-profile] modernbert_execute batch=1 seq=8192 execute_ms=518.513
[synapse-embed-profile] modernbert_readback batch=1 seq=8192 readback_ms=0.812 total_ms=553.884
[synapse-embed-profile] modernbert_forward batch=1 seq=8192 forward_ms=1724.347
[synapse-embed-profile] modernbert_embed_ids items=1 shape=1x8192 total_ms=1724.452
[synapse-embed-profile] family_return call=1 inference_ms=1724.474
[synapse-embed-profile] bucket_total items=1 bucket_calls=1 total_ms=1724.535
[synapse-embed-profile] bucket_select call=1 items=1 max_tokens=513 shape=1x8192 select_ms=0.003
[synapse-embed-profile] modernbert_plan batch=1 seq=8192 plan_ms=0.014
[synapse-embed-profile] modernbert_executable batch=1 seq=8192 cached=1 select_ms=0.000
[synapse-embed-profile] modernbert_execute batch=1 seq=8192 execute_ms=521.277
[synapse-embed-profile] modernbert_readback batch=1 seq=8192 readback_ms=0.955 total_ms=557.814
[synapse-embed-profile] modernbert_forward batch=1 seq=8192 forward_ms=1727.620
[synapse-embed-profile] modernbert_embed_ids items=1 shape=1x8192 total_ms=1727.724
[synapse-embed-profile] family_return call=1 inference_ms=1727.742
[synapse-embed-profile] bucket_total items=1 bucket_calls=1 total_ms=1727.783
[synapse-embed-profile] bucket_select call=1 items=1 max_tokens=513 shape=1x8192 select_ms=0.002
[synapse-embed-profile] modernbert_plan batch=1 seq=8192 plan_ms=0.016
[synapse-embed-profile] modernbert_executable batch=1 seq=8192 cached=1 select_ms=0.000
[synapse-embed-profile] modernbert_execute batch=1 seq=8192 execute_ms=517.680
[synapse-embed-profile] modernbert_readback batch=1 seq=8192 readback_ms=0.968 total_ms=552.818
[synapse-embed-profile] modernbert_forward batch=1 seq=8192 forward_ms=1709.395
[synapse-embed-profile] modernbert_embed_ids items=1 shape=1x8192 total_ms=1709.497
[synapse-embed-profile] family_return call=1 inference_ms=1709.515
[synapse-embed-profile] bucket_total items=1 bucket_calls=1 total_ms=1709.551
[synapse-embed-profile] bucket_select call=1 items=1 max_tokens=603 shape=1x8192 select_ms=0.002
[synapse-embed-profile] modernbert_plan batch=1 seq=8192 plan_ms=0.016
[synapse-embed-profile] modernbert_executable batch=1 seq=8192 cached=1 select_ms=0.000
[synapse-embed-profile] modernbert_execute batch=1 seq=8192 execute_ms=521.426
[synapse-embed-profile] modernbert_readback batch=1 seq=8192 readback_ms=0.769 total_ms=557.843
[synapse-embed-profile] modernbert_forward batch=1 seq=8192 forward_ms=1706.609
[synapse-embed-profile] modernbert_embed_ids items=1 shape=1x8192 total_ms=1706.714
[synapse-embed-profile] family_return call=1 inference_ms=1706.743
[synapse-embed-profile] bucket_total items=1 bucket_calls=1 total_ms=1706.784
[synapse-embed-profile] bucket_select call=1 items=1 max_tokens=603 shape=1x8192 select_ms=0.002
[synapse-embed-profile] modernbert_plan batch=1 seq=8192 plan_ms=0.014
[synapse-embed-profile] modernbert_executable batch=1 seq=8192 cached=1 select_ms=0.000
[synapse-embed-profile] modernbert_execute batch=1 seq=8192 execute_ms=522.317
[synapse-embed-profile] modernbert_readback batch=1 seq=8192 readback_ms=0.828 total_ms=557.434
[synapse-embed-profile] modernbert_forward batch=1 seq=8192 forward_ms=1712.548
[synapse-embed-profile] modernbert_embed_ids items=1 shape=1x8192 total_ms=1712.654
[synapse-embed-profile] family_return call=1 inference_ms=1712.678
[synapse-embed-profile] bucket_total items=1 bucket_calls=1 total_ms=1712.728
[synapse-embed-profile] bucket_select call=1 items=1 max_tokens=603 shape=1x8192 select_ms=0.002
[synapse-embed-profile] modernbert_plan batch=1 seq=8192 plan_ms=0.020
[synapse-embed-profile] modernbert_executable batch=1 seq=8192 cached=1 select_ms=0.001
[synapse-embed-profile] modernbert_execute batch=1 seq=8192 execute_ms=488.577
[synapse-embed-profile] modernbert_readback batch=1 seq=8192 readback_ms=0.785 total_ms=528.208
[synapse-embed-profile] modernbert_forward batch=1 seq=8192 forward_ms=1681.696
[synapse-embed-profile] modernbert_embed_ids items=1 shape=1x8192 total_ms=1681.801
[synapse-embed-profile] family_return call=1 inference_ms=1681.826
[synapse-embed-profile] bucket_total items=1 bucket_calls=1 total_ms=1681.875
[synapse-embed-profile] bucket_select call=1 items=1 max_tokens=1203 shape=1x8192 select_ms=0.003
[synapse-embed-profile] modernbert_plan batch=1 seq=8192 plan_ms=0.020
[synapse-embed-profile] modernbert_executable batch=1 seq=8192 cached=1 select_ms=0.000
[synapse-embed-profile] modernbert_execute batch=1 seq=8192 execute_ms=485.358
[synapse-embed-profile] modernbert_readback batch=1 seq=8192 readback_ms=0.774 total_ms=520.354
[synapse-embed-profile] modernbert_forward batch=1 seq=8192 forward_ms=1670.690
[synapse-embed-profile] modernbert_embed_ids items=1 shape=1x8192 total_ms=1670.791
[synapse-embed-profile] family_return call=1 inference_ms=1670.814
[synapse-embed-profile] bucket_total items=1 bucket_calls=1 total_ms=1670.860
[synapse-embed-profile] bucket_select call=1 items=1 max_tokens=1203 shape=1x8192 select_ms=0.003
[synapse-embed-profile] modernbert_plan batch=1 seq=8192 plan_ms=0.015
[synapse-embed-profile] modernbert_executable batch=1 seq=8192 cached=1 select_ms=0.000
[synapse-embed-profile] modernbert_execute batch=1 seq=8192 execute_ms=487.645
[synapse-embed-profile] modernbert_readback batch=1 seq=8192 readback_ms=0.721 total_ms=524.687
[synapse-embed-profile] modernbert_forward batch=1 seq=8192 forward_ms=1673.891
[synapse-embed-profile] modernbert_embed_ids items=1 shape=1x8192 total_ms=1674.006
[synapse-embed-profile] family_return call=1 inference_ms=1674.029
[synapse-embed-profile] bucket_total items=1 bucket_calls=1 total_ms=1674.072
[synapse-embed-profile] bucket_select call=1 items=1 max_tokens=1203 shape=1x8192 select_ms=0.003
[synapse-embed-profile] modernbert_plan batch=1 seq=8192 plan_ms=0.016
[synapse-embed-profile] modernbert_executable batch=1 seq=8192 cached=1 select_ms=0.000
[synapse-embed-profile] modernbert_execute batch=1 seq=8192 execute_ms=490.335
[synapse-embed-profile] modernbert_readback batch=1 seq=8192 readback_ms=0.737 total_ms=523.637
[synapse-embed-profile] modernbert_forward batch=1 seq=8192 forward_ms=1673.890
[synapse-embed-profile] modernbert_embed_ids items=1 shape=1x8192 total_ms=1673.991
[synapse-embed-profile] family_return call=1 inference_ms=1674.012
[synapse-embed-profile] bucket_total items=1 bucket_calls=1 total_ms=1674.049
[synapse-embed-profile] bucket_select call=1 items=1 max_tokens=2600 shape=1x8192 select_ms=0.003
[synapse-embed-profile] modernbert_plan batch=1 seq=8192 plan_ms=0.016
[synapse-embed-profile] modernbert_executable batch=1 seq=8192 cached=1 select_ms=0.000
[synapse-embed-profile] modernbert_execute batch=1 seq=8192 execute_ms=492.736
[synapse-embed-profile] modernbert_readback batch=1 seq=8192 readback_ms=0.723 total_ms=527.231
[synapse-embed-profile] modernbert_forward batch=1 seq=8192 forward_ms=1687.707
[synapse-embed-profile] modernbert_embed_ids items=1 shape=1x8192 total_ms=1687.814
[synapse-embed-profile] family_return call=1 inference_ms=1688.240
[synapse-embed-profile] bucket_total items=1 bucket_calls=1 total_ms=1688.286
[synapse-embed-profile] bucket_select call=1 items=1 max_tokens=2600 shape=1x8192 select_ms=0.004
[synapse-embed-profile] modernbert_plan batch=1 seq=8192 plan_ms=0.017
[synapse-embed-profile] modernbert_executable batch=1 seq=8192 cached=1 select_ms=0.001
[synapse-embed-profile] modernbert_execute batch=1 seq=8192 execute_ms=494.484
[synapse-embed-profile] modernbert_readback batch=1 seq=8192 readback_ms=0.727 total_ms=535.276
[synapse-embed-profile] modernbert_forward batch=1 seq=8192 forward_ms=1693.330
[synapse-embed-profile] modernbert_embed_ids items=1 shape=1x8192 total_ms=1693.442
[synapse-embed-profile] family_return call=1 inference_ms=1693.461
[synapse-embed-profile] bucket_total items=1 bucket_calls=1 total_ms=1693.506
[synapse-embed-profile] bucket_select call=1 items=1 max_tokens=2600 shape=1x8192 select_ms=0.002
[synapse-embed-profile] modernbert_plan batch=1 seq=8192 plan_ms=0.017
[synapse-embed-profile] modernbert_executable batch=1 seq=8192 cached=1 select_ms=0.000
[synapse-embed-profile] modernbert_execute batch=1 seq=8192 execute_ms=489.745
[synapse-embed-profile] modernbert_readback batch=1 seq=8192 readback_ms=0.735 total_ms=531.757
[synapse-embed-profile] modernbert_forward batch=1 seq=8192 forward_ms=1681.915
[synapse-embed-profile] modernbert_embed_ids items=1 shape=1x8192 total_ms=1682.039
[synapse-embed-profile] family_return call=1 inference_ms=1682.058
[synapse-embed-profile] bucket_total items=1 bucket_calls=1 total_ms=1682.110
[synapse-embed-profile] bucket_select call=1 items=1 max_tokens=4096 shape=1x8192 select_ms=0.004
[synapse-embed-profile] modernbert_plan batch=1 seq=8192 plan_ms=0.014
[synapse-embed-profile] modernbert_executable batch=1 seq=8192 cached=1 select_ms=0.001
[synapse-embed-profile] modernbert_execute batch=1 seq=8192 execute_ms=512.850
[synapse-embed-profile] modernbert_readback batch=1 seq=8192 readback_ms=1.286 total_ms=552.276
[synapse-embed-profile] modernbert_forward batch=1 seq=8192 forward_ms=1712.829
[synapse-embed-profile] modernbert_embed_ids items=1 shape=1x8192 total_ms=1713.003
[synapse-embed-profile] family_return call=1 inference_ms=1713.051
[synapse-embed-profile] bucket_total items=1 bucket_calls=1 total_ms=1713.104
[synapse-embed-profile] bucket_select call=1 items=1 max_tokens=4096 shape=1x8192 select_ms=0.002
[synapse-embed-profile] modernbert_plan batch=1 seq=8192 plan_ms=0.026
[synapse-embed-profile] modernbert_executable batch=1 seq=8192 cached=1 select_ms=0.000
[synapse-embed-profile] modernbert_execute batch=1 seq=8192 execute_ms=517.244
[synapse-embed-profile] modernbert_readback batch=1 seq=8192 readback_ms=0.758 total_ms=560.135
[synapse-embed-profile] modernbert_forward batch=1 seq=8192 forward_ms=1757.037
[synapse-embed-profile] modernbert_embed_ids items=1 shape=1x8192 total_ms=1757.174
[synapse-embed-profile] family_return call=1 inference_ms=1757.197
[synapse-embed-profile] bucket_total items=1 bucket_calls=1 total_ms=1757.251
[synapse-embed-profile] bucket_select call=1 items=1 max_tokens=4096 shape=1x8192 select_ms=0.003
[synapse-embed-profile] modernbert_plan batch=1 seq=8192 plan_ms=0.012
[synapse-embed-profile] modernbert_executable batch=1 seq=8192 cached=1 select_ms=0.000
[synapse-embed-profile] modernbert_execute batch=1 seq=8192 execute_ms=512.269
[synapse-embed-profile] modernbert_readback batch=1 seq=8192 readback_ms=0.882 total_ms=549.422
[synapse-embed-profile] modernbert_forward batch=1 seq=8192 forward_ms=1728.139
[synapse-embed-profile] modernbert_embed_ids items=1 shape=1x8192 total_ms=1728.266
[synapse-embed-profile] family_return call=1 inference_ms=1728.287
[synapse-embed-profile] bucket_total items=1 bucket_calls=1 total_ms=1728.327
[synapse-embed-profile] bucket_select call=1 items=8 max_tokens=131 shape=8x160 select_ms=0.003
[synapse-embed-profile] modernbert_plan batch=8 seq=160 plan_ms=0.012
[synapse-embed-profile] modernbert_executable batch=8 seq=160 cached=1 select_ms=0.000
[synapse-embed-profile] modernbert_execute batch=8 seq=160 execute_ms=28.334
[synapse-embed-profile] modernbert_readback batch=8 seq=160 readback_ms=0.152 total_ms=29.090
[synapse-embed-profile] modernbert_forward batch=8 seq=160 forward_ms=60.182
[synapse-embed-profile] modernbert_embed_ids items=8 shape=8x160 total_ms=60.317
[synapse-embed-profile] family_return call=1 inference_ms=60.338
[synapse-embed-profile] bucket_total items=8 bucket_calls=1 total_ms=60.381
[synapse-embed-profile] bucket_select call=1 items=8 max_tokens=131 shape=8x160 select_ms=0.003
[synapse-embed-profile] modernbert_plan batch=8 seq=160 plan_ms=0.011
[synapse-embed-profile] modernbert_executable batch=8 seq=160 cached=1 select_ms=0.000
[synapse-embed-profile] modernbert_execute batch=8 seq=160 execute_ms=28.188
[synapse-embed-profile] modernbert_readback batch=8 seq=160 readback_ms=0.125 total_ms=28.893
[synapse-embed-profile] modernbert_forward batch=8 seq=160 forward_ms=60.180
[synapse-embed-profile] modernbert_embed_ids items=8 shape=8x160 total_ms=60.292
[synapse-embed-profile] family_return call=1 inference_ms=60.313
[synapse-embed-profile] bucket_total items=8 bucket_calls=1 total_ms=60.354
[synapse-embed-profile] bucket_select call=1 items=8 max_tokens=131 shape=8x160 select_ms=0.003
[synapse-embed-profile] modernbert_plan batch=8 seq=160 plan_ms=0.014
[synapse-embed-profile] modernbert_executable batch=8 seq=160 cached=1 select_ms=0.000
[synapse-embed-profile] modernbert_execute batch=8 seq=160 execute_ms=27.907
[synapse-embed-profile] modernbert_readback batch=8 seq=160 readback_ms=0.120 total_ms=28.822
[synapse-embed-profile] modernbert_forward batch=8 seq=160 forward_ms=59.600
[synapse-embed-profile] modernbert_embed_ids items=8 shape=8x160 total_ms=59.722
[synapse-embed-profile] family_return call=1 inference_ms=59.740
[synapse-embed-profile] bucket_total items=8 bucket_calls=1 total_ms=59.778
[synapse-embed-profile] bucket_select call=1 items=8 max_tokens=320 shape=8x320 select_ms=0.003
[synapse-embed-profile] modernbert_plan batch=8 seq=320 plan_ms=0.015
[synapse-embed-profile] modernbert_executable batch=8 seq=320 cached=1 select_ms=0.000
[synapse-embed-profile] modernbert_execute batch=8 seq=320 execute_ms=53.140
[synapse-embed-profile] modernbert_readback batch=8 seq=320 readback_ms=0.259 total_ms=54.519
[synapse-embed-profile] modernbert_forward batch=8 seq=320 forward_ms=122.002
[synapse-embed-profile] modernbert_embed_ids items=8 shape=8x320 total_ms=122.164
[synapse-embed-profile] family_return call=1 inference_ms=122.183
[synapse-embed-profile] bucket_total items=8 bucket_calls=1 total_ms=122.222
[synapse-embed-profile] bucket_select call=1 items=8 max_tokens=320 shape=8x320 select_ms=0.003
[synapse-embed-profile] modernbert_plan batch=8 seq=320 plan_ms=0.011
[synapse-embed-profile] modernbert_executable batch=8 seq=320 cached=1 select_ms=0.000
[synapse-embed-profile] modernbert_execute batch=8 seq=320 execute_ms=52.717
[synapse-embed-profile] modernbert_readback batch=8 seq=320 readback_ms=0.245 total_ms=56.088
[synapse-embed-profile] modernbert_forward batch=8 seq=320 forward_ms=123.275
[synapse-embed-profile] modernbert_embed_ids items=8 shape=8x320 total_ms=123.427
[synapse-embed-profile] family_return call=1 inference_ms=123.448
[synapse-embed-profile] bucket_total items=8 bucket_calls=1 total_ms=123.488
[synapse-embed-profile] bucket_select call=1 items=8 max_tokens=320 shape=8x320 select_ms=0.003
[synapse-embed-profile] modernbert_plan batch=8 seq=320 plan_ms=0.014
[synapse-embed-profile] modernbert_executable batch=8 seq=320 cached=1 select_ms=0.000
[synapse-embed-profile] modernbert_execute batch=8 seq=320 execute_ms=52.242
[synapse-embed-profile] modernbert_readback batch=8 seq=320 readback_ms=0.242 total_ms=53.489
[synapse-embed-profile] modernbert_forward batch=8 seq=320 forward_ms=121.274
[synapse-embed-profile] modernbert_embed_ids items=8 shape=8x320 total_ms=121.427
[synapse-embed-profile] family_return call=1 inference_ms=121.448
[synapse-embed-profile] bucket_total items=8 bucket_calls=1 total_ms=121.493
[synapse-embed-profile] bucket_select call=1 items=8 max_tokens=448 shape=8x448 select_ms=0.004
[synapse-embed-profile] modernbert_plan batch=8 seq=448 plan_ms=0.012
[synapse-embed-profile] modernbert_executable batch=8 seq=448 cached=1 select_ms=0.000
[synapse-embed-profile] modernbert_execute batch=8 seq=448 execute_ms=76.764
[synapse-embed-profile] modernbert_readback batch=8 seq=448 readback_ms=0.472 total_ms=80.857
[synapse-embed-profile] modernbert_forward batch=8 seq=448 forward_ms=183.441
[synapse-embed-profile] modernbert_embed_ids items=8 shape=8x448 total_ms=183.617
[synapse-embed-profile] family_return call=1 inference_ms=183.638
[synapse-embed-profile] bucket_total items=8 bucket_calls=1 total_ms=183.680
[synapse-embed-profile] bucket_select call=1 items=8 max_tokens=448 shape=8x448 select_ms=0.003
[synapse-embed-profile] modernbert_plan batch=8 seq=448 plan_ms=0.034
[synapse-embed-profile] modernbert_executable batch=8 seq=448 cached=1 select_ms=0.000
[synapse-embed-profile] modernbert_execute batch=8 seq=448 execute_ms=78.038
[synapse-embed-profile] modernbert_readback batch=8 seq=448 readback_ms=0.419 total_ms=82.809
[synapse-embed-profile] modernbert_forward batch=8 seq=448 forward_ms=186.815
[synapse-embed-profile] modernbert_embed_ids items=8 shape=8x448 total_ms=187.217
[synapse-embed-profile] family_return call=1 inference_ms=190.729
[synapse-embed-profile] bucket_total items=8 bucket_calls=1 total_ms=190.777
[synapse-embed-profile] bucket_select call=1 items=8 max_tokens=448 shape=8x448 select_ms=0.003
[synapse-embed-profile] modernbert_plan batch=8 seq=448 plan_ms=0.011
[synapse-embed-profile] modernbert_executable batch=8 seq=448 cached=1 select_ms=0.000
[synapse-embed-profile] modernbert_execute batch=8 seq=448 execute_ms=76.807
[synapse-embed-profile] modernbert_readback batch=8 seq=448 readback_ms=0.322 total_ms=78.716
[synapse-embed-profile] modernbert_forward batch=8 seq=448 forward_ms=185.831
[synapse-embed-profile] modernbert_embed_ids items=8 shape=8x448 total_ms=186.017
[synapse-embed-profile] family_return call=1 inference_ms=186.042
[synapse-embed-profile] bucket_total items=8 bucket_calls=1 total_ms=186.099
[synapse-embed-profile] bucket_select call=1 items=1 max_tokens=603 shape=1x8192 select_ms=0.002
[synapse-embed-profile] modernbert_plan batch=1 seq=8192 plan_ms=0.050
[synapse-embed-profile] modernbert_executable batch=1 seq=8192 cached=1 select_ms=0.000
[synapse-embed-profile] modernbert_execute batch=1 seq=8192 execute_ms=517.517
[synapse-embed-profile] modernbert_readback batch=1 seq=8192 readback_ms=0.938 total_ms=556.200
[synapse-embed-profile] modernbert_forward batch=1 seq=8192 forward_ms=1748.254
[synapse-embed-profile] modernbert_embed_ids items=1 shape=1x8192 total_ms=1748.350
[synapse-embed-profile] family_return call=1 inference_ms=1748.376
[synapse-embed-profile] bucket_select call=2 items=1 max_tokens=603 shape=1x8192 select_ms=0.004
[synapse-embed-profile] modernbert_plan batch=1 seq=8192 plan_ms=0.010
[synapse-embed-profile] modernbert_executable batch=1 seq=8192 cached=1 select_ms=0.000
[synapse-embed-profile] modernbert_execute batch=1 seq=8192 execute_ms=531.450
[synapse-embed-profile] modernbert_readback batch=1 seq=8192 readback_ms=0.821 total_ms=577.765
[synapse-embed-profile] modernbert_forward batch=1 seq=8192 forward_ms=1774.343
[synapse-embed-profile] modernbert_embed_ids items=1 shape=1x8192 total_ms=1774.446
[synapse-embed-profile] family_return call=2 inference_ms=1774.468
[synapse-embed-profile] bucket_select call=3 items=1 max_tokens=603 shape=1x8192 select_ms=0.004
[synapse-embed-profile] modernbert_plan batch=1 seq=8192 plan_ms=0.017
[synapse-embed-profile] modernbert_executable batch=1 seq=8192 cached=1 select_ms=0.000
[synapse-embed-profile] modernbert_execute batch=1 seq=8192 execute_ms=522.364
[synapse-embed-profile] modernbert_readback batch=1 seq=8192 readback_ms=0.752 total_ms=563.096
[synapse-embed-profile] modernbert_forward batch=1 seq=8192 forward_ms=1734.908
[synapse-embed-profile] modernbert_embed_ids items=1 shape=1x8192 total_ms=1735.020
[synapse-embed-profile] family_return call=3 inference_ms=1735.050
[synapse-embed-profile] bucket_select call=4 items=1 max_tokens=603 shape=1x8192 select_ms=0.003
[synapse-embed-profile] modernbert_plan batch=1 seq=8192 plan_ms=0.014
[synapse-embed-profile] modernbert_executable batch=1 seq=8192 cached=1 select_ms=0.000
[synapse-embed-profile] modernbert_execute batch=1 seq=8192 execute_ms=508.376
[synapse-embed-profile] modernbert_readback batch=1 seq=8192 readback_ms=1.254 total_ms=543.874
[synapse-embed-profile] modernbert_forward batch=1 seq=8192 forward_ms=1734.000
[synapse-embed-profile] modernbert_embed_ids items=1 shape=1x8192 total_ms=1734.099
[synapse-embed-profile] family_return call=4 inference_ms=1734.122
[synapse-embed-profile] bucket_select call=5 items=1 max_tokens=603 shape=1x8192 select_ms=0.004
[synapse-embed-profile] modernbert_plan batch=1 seq=8192 plan_ms=0.016
[synapse-embed-profile] modernbert_executable batch=1 seq=8192 cached=1 select_ms=0.000
[synapse-embed-profile] modernbert_execute batch=1 seq=8192 execute_ms=500.516
[synapse-embed-profile] modernbert_readback batch=1 seq=8192 readback_ms=0.753 total_ms=542.393
[synapse-embed-profile] modernbert_forward batch=1 seq=8192 forward_ms=1758.614
[synapse-embed-profile] modernbert_embed_ids items=1 shape=1x8192 total_ms=1758.705
[synapse-embed-profile] family_return call=5 inference_ms=1758.726
[synapse-embed-profile] bucket_select call=6 items=1 max_tokens=603 shape=1x8192 select_ms=0.003
[synapse-embed-profile] modernbert_plan batch=1 seq=8192 plan_ms=0.018
[synapse-embed-profile] modernbert_executable batch=1 seq=8192 cached=1 select_ms=0.000
[synapse-embed-profile] modernbert_execute batch=1 seq=8192 execute_ms=495.853
[synapse-embed-profile] modernbert_readback batch=1 seq=8192 readback_ms=0.755 total_ms=535.125
[synapse-embed-profile] modernbert_forward batch=1 seq=8192 forward_ms=1689.935
[synapse-embed-profile] modernbert_embed_ids items=1 shape=1x8192 total_ms=1690.033
[synapse-embed-profile] family_return call=6 inference_ms=1690.058
[synapse-embed-profile] bucket_select call=7 items=1 max_tokens=603 shape=1x8192 select_ms=0.004
[synapse-embed-profile] modernbert_plan batch=1 seq=8192 plan_ms=0.018
[synapse-embed-profile] modernbert_executable batch=1 seq=8192 cached=1 select_ms=0.000
[synapse-embed-profile] modernbert_execute batch=1 seq=8192 execute_ms=492.412
[synapse-embed-profile] modernbert_readback batch=1 seq=8192 readback_ms=1.013 total_ms=529.340
[synapse-embed-profile] modernbert_forward batch=1 seq=8192 forward_ms=1699.605
[synapse-embed-profile] modernbert_embed_ids items=1 shape=1x8192 total_ms=1699.705
[synapse-embed-profile] family_return call=7 inference_ms=1699.725
[synapse-embed-profile] bucket_select call=8 items=1 max_tokens=603 shape=1x8192 select_ms=0.004
[synapse-embed-profile] modernbert_plan batch=1 seq=8192 plan_ms=0.021
[synapse-embed-profile] modernbert_executable batch=1 seq=8192 cached=1 select_ms=0.000
[synapse-embed-profile] modernbert_execute batch=1 seq=8192 execute_ms=519.734
[synapse-embed-profile] modernbert_readback batch=1 seq=8192 readback_ms=0.778 total_ms=553.683
[synapse-embed-profile] modernbert_forward batch=1 seq=8192 forward_ms=1768.569
[synapse-embed-profile] modernbert_embed_ids items=1 shape=1x8192 total_ms=1768.668
[synapse-embed-profile] family_return call=8 inference_ms=1768.691
[synapse-embed-profile] bucket_total items=8 bucket_calls=8 total_ms=13909.555
[synapse-embed-profile] bucket_select call=1 items=1 max_tokens=603 shape=1x8192 select_ms=0.002
[synapse-embed-profile] modernbert_plan batch=1 seq=8192 plan_ms=0.015
[synapse-embed-profile] modernbert_executable batch=1 seq=8192 cached=1 select_ms=0.000
[synapse-embed-profile] modernbert_execute batch=1 seq=8192 execute_ms=522.216
[synapse-embed-profile] modernbert_readback batch=1 seq=8192 readback_ms=0.747 total_ms=566.320
[synapse-embed-profile] modernbert_forward batch=1 seq=8192 forward_ms=1747.117
[synapse-embed-profile] modernbert_embed_ids items=1 shape=1x8192 total_ms=1747.219
[synapse-embed-profile] family_return call=1 inference_ms=1747.244
[synapse-embed-profile] bucket_select call=2 items=1 max_tokens=603 shape=1x8192 select_ms=0.004
[synapse-embed-profile] modernbert_plan batch=1 seq=8192 plan_ms=0.018
[synapse-embed-profile] modernbert_executable batch=1 seq=8192 cached=1 select_ms=0.000
[synapse-embed-profile] modernbert_execute batch=1 seq=8192 execute_ms=490.039
[synapse-embed-profile] modernbert_readback batch=1 seq=8192 readback_ms=0.789 total_ms=527.471
[synapse-embed-profile] modernbert_forward batch=1 seq=8192 forward_ms=1711.184
[synapse-embed-profile] modernbert_embed_ids items=1 shape=1x8192 total_ms=1711.284
[synapse-embed-profile] family_return call=2 inference_ms=1711.305
[synapse-embed-profile] bucket_select call=3 items=1 max_tokens=603 shape=1x8192 select_ms=0.004
[synapse-embed-profile] modernbert_plan batch=1 seq=8192 plan_ms=0.017
[synapse-embed-profile] modernbert_executable batch=1 seq=8192 cached=1 select_ms=0.001
[synapse-embed-profile] modernbert_execute batch=1 seq=8192 execute_ms=495.973
[synapse-embed-profile] modernbert_readback batch=1 seq=8192 readback_ms=0.736 total_ms=536.434
[synapse-embed-profile] modernbert_forward batch=1 seq=8192 forward_ms=1805.605
[synapse-embed-profile] modernbert_embed_ids items=1 shape=1x8192 total_ms=1808.285
[synapse-embed-profile] family_return call=3 inference_ms=1808.316
[synapse-embed-profile] bucket_select call=4 items=1 max_tokens=603 shape=1x8192 select_ms=0.005
[synapse-embed-profile] modernbert_plan batch=1 seq=8192 plan_ms=0.015
[synapse-embed-profile] modernbert_executable batch=1 seq=8192 cached=1 select_ms=0.000
[synapse-embed-profile] modernbert_execute batch=1 seq=8192 execute_ms=490.008
[synapse-embed-profile] modernbert_readback batch=1 seq=8192 readback_ms=0.750 total_ms=528.997
[synapse-embed-profile] modernbert_forward batch=1 seq=8192 forward_ms=1688.887
[synapse-embed-profile] modernbert_embed_ids items=1 shape=1x8192 total_ms=1688.985
[synapse-embed-profile] family_return call=4 inference_ms=1689.008
[synapse-embed-profile] bucket_select call=5 items=1 max_tokens=603 shape=1x8192 select_ms=0.004
[synapse-embed-profile] modernbert_plan batch=1 seq=8192 plan_ms=0.017
[synapse-embed-profile] modernbert_executable batch=1 seq=8192 cached=1 select_ms=0.000
[synapse-embed-profile] modernbert_execute batch=1 seq=8192 execute_ms=628.053
[synapse-embed-profile] modernbert_readback batch=1 seq=8192 readback_ms=0.792 total_ms=671.141
[synapse-embed-profile] modernbert_forward batch=1 seq=8192 forward_ms=1877.821
[synapse-embed-profile] modernbert_embed_ids items=1 shape=1x8192 total_ms=1877.924
[synapse-embed-profile] family_return call=5 inference_ms=1877.944
[synapse-embed-profile] bucket_select call=6 items=1 max_tokens=603 shape=1x8192 select_ms=0.004
[synapse-embed-profile] modernbert_plan batch=1 seq=8192 plan_ms=0.016
[synapse-embed-profile] modernbert_executable batch=1 seq=8192 cached=1 select_ms=0.000
[synapse-embed-profile] modernbert_execute batch=1 seq=8192 execute_ms=592.646
[synapse-embed-profile] modernbert_readback batch=1 seq=8192 readback_ms=0.759 total_ms=635.881
[synapse-embed-profile] modernbert_forward batch=1 seq=8192 forward_ms=1948.820
[synapse-embed-profile] modernbert_embed_ids items=1 shape=1x8192 total_ms=1951.751
[synapse-embed-profile] family_return call=6 inference_ms=1951.791
[synapse-embed-profile] bucket_select call=7 items=1 max_tokens=603 shape=1x8192 select_ms=0.004
[synapse-embed-profile] modernbert_plan batch=1 seq=8192 plan_ms=0.019
[synapse-embed-profile] modernbert_executable batch=1 seq=8192 cached=1 select_ms=0.000
[synapse-embed-profile] modernbert_execute batch=1 seq=8192 execute_ms=550.655
[synapse-embed-profile] modernbert_readback batch=1 seq=8192 readback_ms=0.745 total_ms=589.347
[synapse-embed-profile] modernbert_forward batch=1 seq=8192 forward_ms=1762.559
[synapse-embed-profile] modernbert_embed_ids items=1 shape=1x8192 total_ms=1762.649
[synapse-embed-profile] family_return call=7 inference_ms=1762.672
[synapse-embed-profile] bucket_select call=8 items=1 max_tokens=603 shape=1x8192 select_ms=0.004
[synapse-embed-profile] modernbert_plan batch=1 seq=8192 plan_ms=0.015
[synapse-embed-profile] modernbert_executable batch=1 seq=8192 cached=1 select_ms=0.000
[synapse-embed-profile] modernbert_execute batch=1 seq=8192 execute_ms=533.078
[synapse-embed-profile] modernbert_readback batch=1 seq=8192 readback_ms=0.746 total_ms=574.869
[synapse-embed-profile] modernbert_forward batch=1 seq=8192 forward_ms=1723.315
[synapse-embed-profile] modernbert_embed_ids items=1 shape=1x8192 total_ms=1723.411
[synapse-embed-profile] family_return call=8 inference_ms=1723.432
[synapse-embed-profile] bucket_total items=8 bucket_calls=8 total_ms=14272.118
[synapse-embed-profile] bucket_select call=1 items=1 max_tokens=603 shape=1x8192 select_ms=0.002
[synapse-embed-profile] modernbert_plan batch=1 seq=8192 plan_ms=0.015
[synapse-embed-profile] modernbert_executable batch=1 seq=8192 cached=1 select_ms=0.000
[synapse-embed-profile] modernbert_execute batch=1 seq=8192 execute_ms=522.524
[synapse-embed-profile] modernbert_readback batch=1 seq=8192 readback_ms=1.084 total_ms=559.389
[synapse-embed-profile] modernbert_forward batch=1 seq=8192 forward_ms=1720.165
[synapse-embed-profile] modernbert_embed_ids items=1 shape=1x8192 total_ms=1720.258
[synapse-embed-profile] family_return call=1 inference_ms=1720.281
[synapse-embed-profile] bucket_select call=2 items=1 max_tokens=603 shape=1x8192 select_ms=0.004
[synapse-embed-profile] modernbert_plan batch=1 seq=8192 plan_ms=0.015
[synapse-embed-profile] modernbert_executable batch=1 seq=8192 cached=1 select_ms=0.000
[synapse-embed-profile] modernbert_execute batch=1 seq=8192 execute_ms=569.199
[synapse-embed-profile] modernbert_readback batch=1 seq=8192 readback_ms=0.752 total_ms=609.861
[synapse-embed-profile] modernbert_forward batch=1 seq=8192 forward_ms=1798.159
[synapse-embed-profile] modernbert_embed_ids items=1 shape=1x8192 total_ms=1798.264
[synapse-embed-profile] family_return call=2 inference_ms=1798.288
[synapse-embed-profile] bucket_select call=3 items=1 max_tokens=603 shape=1x8192 select_ms=0.003
[synapse-embed-profile] modernbert_plan batch=1 seq=8192 plan_ms=0.018
[synapse-embed-profile] modernbert_executable batch=1 seq=8192 cached=1 select_ms=0.000
[synapse-embed-profile] modernbert_execute batch=1 seq=8192 execute_ms=583.378
[synapse-embed-profile] modernbert_readback batch=1 seq=8192 readback_ms=0.736 total_ms=621.920
[synapse-embed-profile] modernbert_forward batch=1 seq=8192 forward_ms=1770.045
[synapse-embed-profile] modernbert_embed_ids items=1 shape=1x8192 total_ms=1770.146
[synapse-embed-profile] family_return call=3 inference_ms=1770.168
[synapse-embed-profile] bucket_select call=4 items=1 max_tokens=603 shape=1x8192 select_ms=0.004
[synapse-embed-profile] modernbert_plan batch=1 seq=8192 plan_ms=0.016
[synapse-embed-profile] modernbert_executable batch=1 seq=8192 cached=1 select_ms=0.000
[synapse-embed-profile] modernbert_execute batch=1 seq=8192 execute_ms=597.076
[synapse-embed-profile] modernbert_readback batch=1 seq=8192 readback_ms=0.752 total_ms=632.193
[synapse-embed-profile] modernbert_forward batch=1 seq=8192 forward_ms=1781.407
[synapse-embed-profile] modernbert_embed_ids items=1 shape=1x8192 total_ms=1781.505
[synapse-embed-profile] family_return call=4 inference_ms=1781.528
[synapse-embed-profile] bucket_select call=5 items=1 max_tokens=603 shape=1x8192 select_ms=0.004
[synapse-embed-profile] modernbert_plan batch=1 seq=8192 plan_ms=0.016
[synapse-embed-profile] modernbert_executable batch=1 seq=8192 cached=1 select_ms=0.000
[synapse-embed-profile] modernbert_execute batch=1 seq=8192 execute_ms=647.425
[synapse-embed-profile] modernbert_readback batch=1 seq=8192 readback_ms=0.955 total_ms=686.257
[synapse-embed-profile] modernbert_forward batch=1 seq=8192 forward_ms=1871.510
[synapse-embed-profile] modernbert_embed_ids items=1 shape=1x8192 total_ms=1871.614
[synapse-embed-profile] family_return call=5 inference_ms=1871.637
[synapse-embed-profile] bucket_select call=6 items=1 max_tokens=603 shape=1x8192 select_ms=0.004
[synapse-embed-profile] modernbert_plan batch=1 seq=8192 plan_ms=0.017
[synapse-embed-profile] modernbert_executable batch=1 seq=8192 cached=1 select_ms=0.000
[synapse-embed-profile] modernbert_execute batch=1 seq=8192 execute_ms=586.926
[synapse-embed-profile] modernbert_readback batch=1 seq=8192 readback_ms=0.751 total_ms=620.832
[synapse-embed-profile] modernbert_forward batch=1 seq=8192 forward_ms=1891.162
[synapse-embed-profile] modernbert_embed_ids items=1 shape=1x8192 total_ms=1891.272
[synapse-embed-profile] family_return call=6 inference_ms=1891.292
[synapse-embed-profile] bucket_select call=7 items=1 max_tokens=603 shape=1x8192 select_ms=0.004
[synapse-embed-profile] modernbert_plan batch=1 seq=8192 plan_ms=0.018
[synapse-embed-profile] modernbert_executable batch=1 seq=8192 cached=1 select_ms=0.000
[synapse-embed-profile] modernbert_execute batch=1 seq=8192 execute_ms=556.059
[synapse-embed-profile] modernbert_readback batch=1 seq=8192 readback_ms=0.799 total_ms=590.397
[synapse-embed-profile] modernbert_forward batch=1 seq=8192 forward_ms=1732.037
[synapse-embed-profile] modernbert_embed_ids items=1 shape=1x8192 total_ms=1732.140
[synapse-embed-profile] family_return call=7 inference_ms=1732.166
[synapse-embed-profile] bucket_select call=8 items=1 max_tokens=603 shape=1x8192 select_ms=0.004
[synapse-embed-profile] modernbert_plan batch=1 seq=8192 plan_ms=0.018
[synapse-embed-profile] modernbert_executable batch=1 seq=8192 cached=1 select_ms=0.000
[synapse-embed-profile] modernbert_execute batch=1 seq=8192 execute_ms=537.712
[synapse-embed-profile] modernbert_readback batch=1 seq=8192 readback_ms=0.820 total_ms=575.580
[synapse-embed-profile] modernbert_forward batch=1 seq=8192 forward_ms=1719.512
[synapse-embed-profile] modernbert_embed_ids items=1 shape=1x8192 total_ms=1719.600
[synapse-embed-profile] family_return call=8 inference_ms=1719.621
[synapse-embed-profile] bucket_total items=8 bucket_calls=8 total_ms=14285.297
[synapse-embed-profile] bucket_select call=1 items=1 max_tokens=1203 shape=1x8192 select_ms=0.002
[synapse-embed-profile] modernbert_plan batch=1 seq=8192 plan_ms=0.013
[synapse-embed-profile] modernbert_executable batch=1 seq=8192 cached=1 select_ms=0.000
[synapse-embed-profile] modernbert_execute batch=1 seq=8192 execute_ms=620.937
[synapse-embed-profile] modernbert_readback batch=1 seq=8192 readback_ms=0.905 total_ms=659.993
[synapse-embed-profile] modernbert_forward batch=1 seq=8192 forward_ms=1836.689
[synapse-embed-profile] modernbert_embed_ids items=1 shape=1x8192 total_ms=1836.806
[synapse-embed-profile] family_return call=1 inference_ms=1836.828
[synapse-embed-profile] bucket_select call=2 items=1 max_tokens=1203 shape=1x8192 select_ms=0.004
[synapse-embed-profile] modernbert_plan batch=1 seq=8192 plan_ms=0.013
[synapse-embed-profile] modernbert_executable batch=1 seq=8192 cached=1 select_ms=0.000
[synapse-embed-profile] modernbert_execute batch=1 seq=8192 execute_ms=624.187
[synapse-embed-profile] modernbert_readback batch=1 seq=8192 readback_ms=0.994 total_ms=663.300
[synapse-embed-profile] modernbert_forward batch=1 seq=8192 forward_ms=2009.307
[synapse-embed-profile] modernbert_embed_ids items=1 shape=1x8192 total_ms=2009.661
[synapse-embed-profile] family_return call=2 inference_ms=2009.689
[synapse-embed-profile] bucket_select call=3 items=1 max_tokens=1203 shape=1x8192 select_ms=0.004
[synapse-embed-profile] modernbert_plan batch=1 seq=8192 plan_ms=0.014
[synapse-embed-profile] modernbert_executable batch=1 seq=8192 cached=1 select_ms=0.000
[synapse-embed-profile] modernbert_execute batch=1 seq=8192 execute_ms=699.699
[synapse-embed-profile] modernbert_readback batch=1 seq=8192 readback_ms=0.771 total_ms=740.533
[synapse-embed-profile] modernbert_forward batch=1 seq=8192 forward_ms=2048.089
[synapse-embed-profile] modernbert_embed_ids items=1 shape=1x8192 total_ms=2048.201
[synapse-embed-profile] family_return call=3 inference_ms=2048.224
[synapse-embed-profile] bucket_select call=4 items=1 max_tokens=1203 shape=1x8192 select_ms=0.004
[synapse-embed-profile] modernbert_plan batch=1 seq=8192 plan_ms=0.016
[synapse-embed-profile] modernbert_executable batch=1 seq=8192 cached=1 select_ms=0.000
[synapse-embed-profile] modernbert_execute batch=1 seq=8192 execute_ms=599.047
[synapse-embed-profile] modernbert_readback batch=1 seq=8192 readback_ms=0.933 total_ms=633.705
[synapse-embed-profile] modernbert_forward batch=1 seq=8192 forward_ms=1850.561
[synapse-embed-profile] modernbert_embed_ids items=1 shape=1x8192 total_ms=1850.675
[synapse-embed-profile] family_return call=4 inference_ms=1850.703
[synapse-embed-profile] bucket_select call=5 items=1 max_tokens=1203 shape=1x8192 select_ms=0.004
[synapse-embed-profile] modernbert_plan batch=1 seq=8192 plan_ms=0.015
[synapse-embed-profile] modernbert_executable batch=1 seq=8192 cached=1 select_ms=0.000
[synapse-embed-profile] modernbert_execute batch=1 seq=8192 execute_ms=612.953
[synapse-embed-profile] modernbert_readback batch=1 seq=8192 readback_ms=1.230 total_ms=650.670
[synapse-embed-profile] modernbert_forward batch=1 seq=8192 forward_ms=1809.096
[synapse-embed-profile] modernbert_embed_ids items=1 shape=1x8192 total_ms=1809.241
[synapse-embed-profile] family_return call=5 inference_ms=1809.267
[synapse-embed-profile] bucket_select call=6 items=1 max_tokens=1203 shape=1x8192 select_ms=0.004
[synapse-embed-profile] modernbert_plan batch=1 seq=8192 plan_ms=0.016
[synapse-embed-profile] modernbert_executable batch=1 seq=8192 cached=1 select_ms=0.000
[synapse-embed-profile] modernbert_execute batch=1 seq=8192 execute_ms=666.952
[synapse-embed-profile] modernbert_readback batch=1 seq=8192 readback_ms=0.901 total_ms=710.441
[synapse-embed-profile] modernbert_forward batch=1 seq=8192 forward_ms=2107.559
[synapse-embed-profile] modernbert_embed_ids items=1 shape=1x8192 total_ms=2107.690
[synapse-embed-profile] family_return call=6 inference_ms=2107.718
[synapse-embed-profile] bucket_select call=7 items=1 max_tokens=1203 shape=1x8192 select_ms=0.006
[synapse-embed-profile] modernbert_plan batch=1 seq=8192 plan_ms=0.018
[synapse-embed-profile] modernbert_executable batch=1 seq=8192 cached=1 select_ms=0.000
[synapse-embed-profile] modernbert_execute batch=1 seq=8192 execute_ms=616.748
[synapse-embed-profile] modernbert_readback batch=1 seq=8192 readback_ms=0.791 total_ms=652.823
[synapse-embed-profile] modernbert_forward batch=1 seq=8192 forward_ms=2045.771
[synapse-embed-profile] modernbert_embed_ids items=1 shape=1x8192 total_ms=2045.900
[synapse-embed-profile] family_return call=7 inference_ms=2045.925
[synapse-embed-profile] bucket_select call=8 items=1 max_tokens=1203 shape=1x8192 select_ms=0.003
[synapse-embed-profile] modernbert_plan batch=1 seq=8192 plan_ms=0.018
[synapse-embed-profile] modernbert_executable batch=1 seq=8192 cached=1 select_ms=0.000
[synapse-embed-profile] modernbert_execute batch=1 seq=8192 execute_ms=647.430
[synapse-embed-profile] modernbert_readback batch=1 seq=8192 readback_ms=0.875 total_ms=689.097
[synapse-embed-profile] modernbert_forward batch=1 seq=8192 forward_ms=1826.404
[synapse-embed-profile] modernbert_embed_ids items=1 shape=1x8192 total_ms=1826.509
[synapse-embed-profile] family_return call=8 inference_ms=1826.530
[synapse-embed-profile] bucket_total items=8 bucket_calls=8 total_ms=15535.229
[synapse-embed-profile] bucket_select call=1 items=1 max_tokens=1203 shape=1x8192 select_ms=0.002
[synapse-embed-profile] modernbert_plan batch=1 seq=8192 plan_ms=0.017
[synapse-embed-profile] modernbert_executable batch=1 seq=8192 cached=1 select_ms=0.000
[synapse-embed-profile] modernbert_execute batch=1 seq=8192 execute_ms=627.398
[synapse-embed-profile] modernbert_readback batch=1 seq=8192 readback_ms=1.210 total_ms=663.266
[synapse-embed-profile] modernbert_forward batch=1 seq=8192 forward_ms=1800.668
[synapse-embed-profile] modernbert_embed_ids items=1 shape=1x8192 total_ms=1800.768
[synapse-embed-profile] family_return call=1 inference_ms=1800.787
[synapse-embed-profile] bucket_select call=2 items=1 max_tokens=1203 shape=1x8192 select_ms=0.004
[synapse-embed-profile] modernbert_plan batch=1 seq=8192 plan_ms=0.014
[synapse-embed-profile] modernbert_executable batch=1 seq=8192 cached=1 select_ms=0.000
[synapse-embed-profile] modernbert_execute batch=1 seq=8192 execute_ms=577.467
[synapse-embed-profile] modernbert_readback batch=1 seq=8192 readback_ms=1.256 total_ms=615.902
[synapse-embed-profile] modernbert_forward batch=1 seq=8192 forward_ms=1783.086
[synapse-embed-profile] modernbert_embed_ids items=1 shape=1x8192 total_ms=1785.430
[synapse-embed-profile] family_return call=2 inference_ms=1785.461
[synapse-embed-profile] bucket_select call=3 items=1 max_tokens=1203 shape=1x8192 select_ms=0.004
[synapse-embed-profile] modernbert_plan batch=1 seq=8192 plan_ms=0.014
[synapse-embed-profile] modernbert_executable batch=1 seq=8192 cached=1 select_ms=0.000
[synapse-embed-profile] modernbert_execute batch=1 seq=8192 execute_ms=690.030
[synapse-embed-profile] modernbert_readback batch=1 seq=8192 readback_ms=0.865 total_ms=733.112
[synapse-embed-profile] modernbert_forward batch=1 seq=8192 forward_ms=2057.211
[synapse-embed-profile] modernbert_embed_ids items=1 shape=1x8192 total_ms=2057.334
[synapse-embed-profile] family_return call=3 inference_ms=2057.358
[synapse-embed-profile] bucket_select call=4 items=1 max_tokens=1203 shape=1x8192 select_ms=0.004
[synapse-embed-profile] modernbert_plan batch=1 seq=8192 plan_ms=0.017
[synapse-embed-profile] modernbert_executable batch=1 seq=8192 cached=1 select_ms=0.000
[synapse-embed-profile] modernbert_execute batch=1 seq=8192 execute_ms=623.724
[synapse-embed-profile] modernbert_readback batch=1 seq=8192 readback_ms=0.892 total_ms=667.980
[synapse-embed-profile] modernbert_forward batch=1 seq=8192 forward_ms=2093.877
[synapse-embed-profile] modernbert_embed_ids items=1 shape=1x8192 total_ms=2094.000
[synapse-embed-profile] family_return call=4 inference_ms=2094.028
[synapse-embed-profile] bucket_select call=5 items=1 max_tokens=1203 shape=1x8192 select_ms=0.004
[synapse-embed-profile] modernbert_plan batch=1 seq=8192 plan_ms=0.020
[synapse-embed-profile] modernbert_executable batch=1 seq=8192 cached=1 select_ms=0.000
[synapse-embed-profile] modernbert_execute batch=1 seq=8192 execute_ms=664.613
[synapse-embed-profile] modernbert_readback batch=1 seq=8192 readback_ms=1.482 total_ms=705.645
[synapse-embed-profile] modernbert_forward batch=1 seq=8192 forward_ms=1913.324
[synapse-embed-profile] modernbert_embed_ids items=1 shape=1x8192 total_ms=1913.447
[synapse-embed-profile] family_return call=5 inference_ms=1913.474
[synapse-embed-profile] bucket_select call=6 items=1 max_tokens=1203 shape=1x8192 select_ms=0.004
[synapse-embed-profile] modernbert_plan batch=1 seq=8192 plan_ms=0.015
[synapse-embed-profile] modernbert_executable batch=1 seq=8192 cached=1 select_ms=0.000
[synapse-embed-profile] modernbert_execute batch=1 seq=8192 execute_ms=787.276
[synapse-embed-profile] modernbert_readback batch=1 seq=8192 readback_ms=0.865 total_ms=825.582
[synapse-embed-profile] modernbert_forward batch=1 seq=8192 forward_ms=2154.733
[synapse-embed-profile] modernbert_embed_ids items=1 shape=1x8192 total_ms=2154.859
[synapse-embed-profile] family_return call=6 inference_ms=2154.891
[synapse-embed-profile] bucket_select call=7 items=1 max_tokens=1203 shape=1x8192 select_ms=0.004
[synapse-embed-profile] modernbert_plan batch=1 seq=8192 plan_ms=0.018
[synapse-embed-profile] modernbert_executable batch=1 seq=8192 cached=1 select_ms=0.000
[synapse-embed-profile] modernbert_execute batch=1 seq=8192 execute_ms=606.989
[synapse-embed-profile] modernbert_readback batch=1 seq=8192 readback_ms=0.803 total_ms=642.563
[synapse-embed-profile] modernbert_forward batch=1 seq=8192 forward_ms=2023.686
[synapse-embed-profile] modernbert_embed_ids items=1 shape=1x8192 total_ms=2023.817
[synapse-embed-profile] family_return call=7 inference_ms=2023.846
[synapse-embed-profile] bucket_select call=8 items=1 max_tokens=1203 shape=1x8192 select_ms=0.004
[synapse-embed-profile] modernbert_plan batch=1 seq=8192 plan_ms=0.017
[synapse-embed-profile] modernbert_executable batch=1 seq=8192 cached=1 select_ms=0.000
[synapse-embed-profile] modernbert_execute batch=1 seq=8192 execute_ms=602.265
[synapse-embed-profile] modernbert_readback batch=1 seq=8192 readback_ms=0.977 total_ms=639.342
[synapse-embed-profile] modernbert_forward batch=1 seq=8192 forward_ms=1794.262
[synapse-embed-profile] modernbert_embed_ids items=1 shape=1x8192 total_ms=1794.413
[synapse-embed-profile] family_return call=8 inference_ms=1794.443
[synapse-embed-profile] bucket_total items=8 bucket_calls=8 total_ms=15624.684
[synapse-embed-profile] bucket_select call=1 items=1 max_tokens=1203 shape=1x8192 select_ms=0.003
[synapse-embed-profile] modernbert_plan batch=1 seq=8192 plan_ms=0.017
[synapse-embed-profile] modernbert_executable batch=1 seq=8192 cached=1 select_ms=0.000
[synapse-embed-profile] modernbert_execute batch=1 seq=8192 execute_ms=672.066
[synapse-embed-profile] modernbert_readback batch=1 seq=8192 readback_ms=1.389 total_ms=708.251
[synapse-embed-profile] modernbert_forward batch=1 seq=8192 forward_ms=1880.638
[synapse-embed-profile] modernbert_embed_ids items=1 shape=1x8192 total_ms=1880.764
[synapse-embed-profile] family_return call=1 inference_ms=1880.792
[synapse-embed-profile] bucket_select call=2 items=1 max_tokens=1203 shape=1x8192 select_ms=0.004
[synapse-embed-profile] modernbert_plan batch=1 seq=8192 plan_ms=0.014
[synapse-embed-profile] modernbert_executable batch=1 seq=8192 cached=1 select_ms=0.000
[synapse-embed-profile] modernbert_execute batch=1 seq=8192 execute_ms=768.194
[synapse-embed-profile] modernbert_readback batch=1 seq=8192 readback_ms=0.883 total_ms=814.246
[synapse-embed-profile] modernbert_forward batch=1 seq=8192 forward_ms=2253.192
[synapse-embed-profile] modernbert_embed_ids items=1 shape=1x8192 total_ms=2253.333
[synapse-embed-profile] family_return call=2 inference_ms=2253.360
[synapse-embed-profile] bucket_select call=3 items=1 max_tokens=1203 shape=1x8192 select_ms=0.004
[synapse-embed-profile] modernbert_plan batch=1 seq=8192 plan_ms=0.012
[synapse-embed-profile] modernbert_executable batch=1 seq=8192 cached=1 select_ms=0.000
[synapse-embed-profile] modernbert_execute batch=1 seq=8192 execute_ms=783.297
[synapse-embed-profile] modernbert_readback batch=1 seq=8192 readback_ms=1.562 total_ms=830.310
[synapse-embed-profile] modernbert_forward batch=1 seq=8192 forward_ms=2199.369
[synapse-embed-profile] modernbert_embed_ids items=1 shape=1x8192 total_ms=2199.494
[synapse-embed-profile] family_return call=3 inference_ms=2199.519
[synapse-embed-profile] bucket_select call=4 items=1 max_tokens=1203 shape=1x8192 select_ms=0.005
[synapse-embed-profile] modernbert_plan batch=1 seq=8192 plan_ms=0.019
[synapse-embed-profile] modernbert_executable batch=1 seq=8192 cached=1 select_ms=0.000
[synapse-embed-profile] modernbert_execute batch=1 seq=8192 execute_ms=756.318
[synapse-embed-profile] modernbert_readback batch=1 seq=8192 readback_ms=1.030 total_ms=798.908
[synapse-embed-profile] modernbert_forward batch=1 seq=8192 forward_ms=2405.546
[synapse-embed-profile] modernbert_embed_ids items=1 shape=1x8192 total_ms=2405.676
[synapse-embed-profile] family_return call=4 inference_ms=2405.707
[synapse-embed-profile] bucket_select call=5 items=1 max_tokens=1203 shape=1x8192 select_ms=0.005
[synapse-embed-profile] modernbert_plan batch=1 seq=8192 plan_ms=0.015
[synapse-embed-profile] modernbert_executable batch=1 seq=8192 cached=1 select_ms=0.000
[synapse-embed-profile] modernbert_execute batch=1 seq=8192 execute_ms=753.046
[synapse-embed-profile] modernbert_readback batch=1 seq=8192 readback_ms=0.892 total_ms=795.139
[synapse-embed-profile] modernbert_forward batch=1 seq=8192 forward_ms=2256.421
[synapse-embed-profile] modernbert_embed_ids items=1 shape=1x8192 total_ms=2256.554
[synapse-embed-profile] family_return call=5 inference_ms=2256.582
[synapse-embed-profile] bucket_select call=6 items=1 max_tokens=1203 shape=1x8192 select_ms=0.003
[synapse-embed-profile] modernbert_plan batch=1 seq=8192 plan_ms=0.015
[synapse-embed-profile] modernbert_executable batch=1 seq=8192 cached=1 select_ms=0.000
[synapse-embed-profile] modernbert_execute batch=1 seq=8192 execute_ms=780.687
[synapse-embed-profile] modernbert_readback batch=1 seq=8192 readback_ms=1.043 total_ms=821.314
[synapse-embed-profile] modernbert_forward batch=1 seq=8192 forward_ms=2225.793
[synapse-embed-profile] modernbert_embed_ids items=1 shape=1x8192 total_ms=2225.922
[synapse-embed-profile] family_return call=6 inference_ms=2225.949
[synapse-embed-profile] bucket_select call=7 items=1 max_tokens=1203 shape=1x8192 select_ms=0.004
[synapse-embed-profile] modernbert_plan batch=1 seq=8192 plan_ms=0.016
[synapse-embed-profile] modernbert_executable batch=1 seq=8192 cached=1 select_ms=0.000
[synapse-embed-profile] modernbert_execute batch=1 seq=8192 execute_ms=754.190
[synapse-embed-profile] modernbert_readback batch=1 seq=8192 readback_ms=0.962 total_ms=793.155
[synapse-embed-profile] modernbert_forward batch=1 seq=8192 forward_ms=2182.229
[synapse-embed-profile] modernbert_embed_ids items=1 shape=1x8192 total_ms=2182.344
[synapse-embed-profile] family_return call=7 inference_ms=2182.371
[synapse-embed-profile] bucket_select call=8 items=1 max_tokens=1203 shape=1x8192 select_ms=0.005
[synapse-embed-profile] modernbert_plan batch=1 seq=8192 plan_ms=0.017
[synapse-embed-profile] modernbert_executable batch=1 seq=8192 cached=1 select_ms=0.000
[synapse-embed-profile] modernbert_execute batch=1 seq=8192 execute_ms=770.132
[synapse-embed-profile] modernbert_readback batch=1 seq=8192 readback_ms=0.937 total_ms=813.834
[synapse-embed-profile] modernbert_forward batch=1 seq=8192 forward_ms=2267.100
[synapse-embed-profile] modernbert_embed_ids items=1 shape=1x8192 total_ms=2267.259
[synapse-embed-profile] family_return call=8 inference_ms=2267.296
[synapse-embed-profile] bucket_total items=8 bucket_calls=8 total_ms=17672.014
[synapse-embed-profile] bucket_select call=1 items=1 max_tokens=2600 shape=1x8192 select_ms=0.004
[synapse-embed-profile] modernbert_plan batch=1 seq=8192 plan_ms=0.017
[synapse-embed-profile] modernbert_executable batch=1 seq=8192 cached=1 select_ms=0.000
[synapse-embed-profile] modernbert_execute batch=1 seq=8192 execute_ms=764.678
[synapse-embed-profile] modernbert_readback batch=1 seq=8192 readback_ms=1.124 total_ms=803.540
[synapse-embed-profile] modernbert_forward batch=1 seq=8192 forward_ms=2200.146
[synapse-embed-profile] modernbert_embed_ids items=1 shape=1x8192 total_ms=2200.279
[synapse-embed-profile] family_return call=1 inference_ms=2200.301
[synapse-embed-profile] bucket_select call=2 items=1 max_tokens=2600 shape=1x8192 select_ms=0.004
[synapse-embed-profile] modernbert_plan batch=1 seq=8192 plan_ms=0.020
[synapse-embed-profile] modernbert_executable batch=1 seq=8192 cached=1 select_ms=0.000
[synapse-embed-profile] modernbert_execute batch=1 seq=8192 execute_ms=670.742
[synapse-embed-profile] modernbert_readback batch=1 seq=8192 readback_ms=0.862 total_ms=710.681
[synapse-embed-profile] modernbert_forward batch=1 seq=8192 forward_ms=2138.212
[synapse-embed-profile] modernbert_embed_ids items=1 shape=1x8192 total_ms=2138.350
[synapse-embed-profile] family_return call=2 inference_ms=2138.376
[synapse-embed-profile] bucket_select call=3 items=1 max_tokens=2600 shape=1x8192 select_ms=0.007
[synapse-embed-profile] modernbert_plan batch=1 seq=8192 plan_ms=0.012
[synapse-embed-profile] modernbert_executable batch=1 seq=8192 cached=1 select_ms=0.000
[synapse-embed-profile] modernbert_execute batch=1 seq=8192 execute_ms=617.710
[synapse-embed-profile] modernbert_readback batch=1 seq=8192 readback_ms=0.741 total_ms=653.700
[synapse-embed-profile] modernbert_forward batch=1 seq=8192 forward_ms=1865.577
[synapse-embed-profile] modernbert_embed_ids items=1 shape=1x8192 total_ms=1865.710
[synapse-embed-profile] family_return call=3 inference_ms=1865.733
[synapse-embed-profile] bucket_select call=4 items=1 max_tokens=2600 shape=1x8192 select_ms=0.008
[synapse-embed-profile] modernbert_plan batch=1 seq=8192 plan_ms=0.018
[synapse-embed-profile] modernbert_executable batch=1 seq=8192 cached=1 select_ms=0.000
[synapse-embed-profile] modernbert_execute batch=1 seq=8192 execute_ms=634.027
[synapse-embed-profile] modernbert_readback batch=1 seq=8192 readback_ms=0.815 total_ms=669.091
[synapse-embed-profile] modernbert_forward batch=1 seq=8192 forward_ms=1851.042
[synapse-embed-profile] modernbert_embed_ids items=1 shape=1x8192 total_ms=1851.184
[synapse-embed-profile] family_return call=4 inference_ms=1851.219
[synapse-embed-profile] bucket_select call=5 items=1 max_tokens=2600 shape=1x8192 select_ms=0.007
[synapse-embed-profile] modernbert_plan batch=1 seq=8192 plan_ms=0.015
[synapse-embed-profile] modernbert_executable batch=1 seq=8192 cached=1 select_ms=0.000
[synapse-embed-profile] modernbert_execute batch=1 seq=8192 execute_ms=735.775
[synapse-embed-profile] modernbert_readback batch=1 seq=8192 readback_ms=0.952 total_ms=777.918
[synapse-embed-profile] modernbert_forward batch=1 seq=8192 forward_ms=2082.359
[synapse-embed-profile] modernbert_embed_ids items=1 shape=1x8192 total_ms=2082.612
[synapse-embed-profile] family_return call=5 inference_ms=2082.657
[synapse-embed-profile] bucket_select call=6 items=1 max_tokens=2600 shape=1x8192 select_ms=0.008
[synapse-embed-profile] modernbert_plan batch=1 seq=8192 plan_ms=0.014
[synapse-embed-profile] modernbert_executable batch=1 seq=8192 cached=1 select_ms=0.000
[synapse-embed-profile] modernbert_execute batch=1 seq=8192 execute_ms=840.844
[synapse-embed-profile] modernbert_readback batch=1 seq=8192 readback_ms=0.879 total_ms=882.395
[synapse-embed-profile] modernbert_forward batch=1 seq=8192 forward_ms=2267.447
[synapse-embed-profile] modernbert_embed_ids items=1 shape=1x8192 total_ms=2267.615
[synapse-embed-profile] family_return call=6 inference_ms=2267.649
[synapse-embed-profile] bucket_select call=7 items=1 max_tokens=2600 shape=1x8192 select_ms=0.005
[synapse-embed-profile] modernbert_plan batch=1 seq=8192 plan_ms=0.013
[synapse-embed-profile] modernbert_executable batch=1 seq=8192 cached=1 select_ms=0.000
[synapse-embed-profile] modernbert_execute batch=1 seq=8192 execute_ms=768.279
[synapse-embed-profile] modernbert_readback batch=1 seq=8192 readback_ms=1.185 total_ms=805.449
[synapse-embed-profile] modernbert_forward batch=1 seq=8192 forward_ms=2146.337
[synapse-embed-profile] modernbert_embed_ids items=1 shape=1x8192 total_ms=2146.464
[synapse-embed-profile] family_return call=7 inference_ms=2146.492
[synapse-embed-profile] bucket_total items=7 bucket_calls=7 total_ms=14556.536
[synapse-embed-profile] bucket_select call=1 items=1 max_tokens=2600 shape=1x8192 select_ms=0.003
[synapse-embed-profile] modernbert_plan batch=1 seq=8192 plan_ms=0.016
[synapse-embed-profile] modernbert_executable batch=1 seq=8192 cached=1 select_ms=0.000
[synapse-embed-profile] modernbert_execute batch=1 seq=8192 execute_ms=780.791
[synapse-embed-profile] modernbert_readback batch=1 seq=8192 readback_ms=1.208 total_ms=828.301
[synapse-embed-profile] modernbert_forward batch=1 seq=8192 forward_ms=2509.166
[synapse-embed-profile] modernbert_embed_ids items=1 shape=1x8192 total_ms=2509.319
[synapse-embed-profile] family_return call=1 inference_ms=2509.347
[synapse-embed-profile] bucket_select call=2 items=1 max_tokens=2600 shape=1x8192 select_ms=0.005
[synapse-embed-profile] modernbert_plan batch=1 seq=8192 plan_ms=0.016
[synapse-embed-profile] modernbert_executable batch=1 seq=8192 cached=1 select_ms=0.000
[synapse-embed-profile] modernbert_execute batch=1 seq=8192 execute_ms=778.411
[synapse-embed-profile] modernbert_readback batch=1 seq=8192 readback_ms=1.028 total_ms=819.042
[synapse-embed-profile] modernbert_forward batch=1 seq=8192 forward_ms=2304.525
[synapse-embed-profile] modernbert_embed_ids items=1 shape=1x8192 total_ms=2304.665
[synapse-embed-profile] family_return call=2 inference_ms=2304.695
[synapse-embed-profile] bucket_select call=3 items=1 max_tokens=2600 shape=1x8192 select_ms=0.005
[synapse-embed-profile] modernbert_plan batch=1 seq=8192 plan_ms=0.017
[synapse-embed-profile] modernbert_executable batch=1 seq=8192 cached=1 select_ms=0.000
[synapse-embed-profile] modernbert_execute batch=1 seq=8192 execute_ms=819.533
[synapse-embed-profile] modernbert_readback batch=1 seq=8192 readback_ms=1.137 total_ms=863.649
[synapse-embed-profile] modernbert_forward batch=1 seq=8192 forward_ms=2412.743
[synapse-embed-profile] modernbert_embed_ids items=1 shape=1x8192 total_ms=2412.882
[synapse-embed-profile] family_return call=3 inference_ms=2412.910
[synapse-embed-profile] bucket_select call=4 items=1 max_tokens=2600 shape=1x8192 select_ms=0.005
[synapse-embed-profile] modernbert_plan batch=1 seq=8192 plan_ms=0.017
[synapse-embed-profile] modernbert_executable batch=1 seq=8192 cached=1 select_ms=0.000
[synapse-embed-profile] modernbert_execute batch=1 seq=8192 execute_ms=785.211
[synapse-embed-profile] modernbert_readback batch=1 seq=8192 readback_ms=1.061 total_ms=830.832
[synapse-embed-profile] modernbert_forward batch=1 seq=8192 forward_ms=2439.341
[synapse-embed-profile] modernbert_embed_ids items=1 shape=1x8192 total_ms=2439.518
[synapse-embed-profile] family_return call=4 inference_ms=2439.545
[synapse-embed-profile] bucket_select call=5 items=1 max_tokens=2600 shape=1x8192 select_ms=0.004
[synapse-embed-profile] modernbert_plan batch=1 seq=8192 plan_ms=0.016
[synapse-embed-profile] modernbert_executable batch=1 seq=8192 cached=1 select_ms=0.000
[synapse-embed-profile] modernbert_execute batch=1 seq=8192 execute_ms=794.943
[synapse-embed-profile] modernbert_readback batch=1 seq=8192 readback_ms=1.422 total_ms=838.448
[synapse-embed-profile] modernbert_forward batch=1 seq=8192 forward_ms=2451.366
[synapse-embed-profile] modernbert_embed_ids items=1 shape=1x8192 total_ms=2451.502
[synapse-embed-profile] family_return call=5 inference_ms=2451.531
[synapse-embed-profile] bucket_select call=6 items=1 max_tokens=2600 shape=1x8192 select_ms=0.004
[synapse-embed-profile] modernbert_plan batch=1 seq=8192 plan_ms=0.015
[synapse-embed-profile] modernbert_executable batch=1 seq=8192 cached=1 select_ms=0.000
[synapse-embed-profile] modernbert_execute batch=1 seq=8192 execute_ms=767.200
[synapse-embed-profile] modernbert_readback batch=1 seq=8192 readback_ms=1.324 total_ms=814.104
[synapse-embed-profile] modernbert_forward batch=1 seq=8192 forward_ms=2400.973
[synapse-embed-profile] modernbert_embed_ids items=1 shape=1x8192 total_ms=2401.165
[synapse-embed-profile] family_return call=6 inference_ms=2401.234
[synapse-embed-profile] bucket_select call=7 items=1 max_tokens=2600 shape=1x8192 select_ms=0.006
[synapse-embed-profile] modernbert_plan batch=1 seq=8192 plan_ms=0.014
[synapse-embed-profile] modernbert_executable batch=1 seq=8192 cached=1 select_ms=0.000
[synapse-embed-profile] modernbert_execute batch=1 seq=8192 execute_ms=789.547
[synapse-embed-profile] modernbert_readback batch=1 seq=8192 readback_ms=0.955 total_ms=836.423
[synapse-embed-profile] modernbert_forward batch=1 seq=8192 forward_ms=2521.923
[synapse-embed-profile] modernbert_embed_ids items=1 shape=1x8192 total_ms=2522.082
[synapse-embed-profile] family_return call=7 inference_ms=2522.110
[synapse-embed-profile] bucket_total items=7 bucket_calls=7 total_ms=17041.737
[synapse-embed-profile] bucket_select call=1 items=1 max_tokens=2600 shape=1x8192 select_ms=0.003
[synapse-embed-profile] modernbert_plan batch=1 seq=8192 plan_ms=0.015
[synapse-embed-profile] modernbert_executable batch=1 seq=8192 cached=1 select_ms=0.000
[synapse-embed-profile] modernbert_execute batch=1 seq=8192 execute_ms=703.377
[synapse-embed-profile] modernbert_readback batch=1 seq=8192 readback_ms=0.924 total_ms=741.251
[synapse-embed-profile] modernbert_forward batch=1 seq=8192 forward_ms=2191.367
[synapse-embed-profile] modernbert_embed_ids items=1 shape=1x8192 total_ms=2191.512
[synapse-embed-profile] family_return call=1 inference_ms=2191.536
[synapse-embed-profile] bucket_select call=2 items=1 max_tokens=2600 shape=1x8192 select_ms=0.004
[synapse-embed-profile] modernbert_plan batch=1 seq=8192 plan_ms=0.014
[synapse-embed-profile] modernbert_executable batch=1 seq=8192 cached=1 select_ms=0.000
[synapse-embed-profile] modernbert_execute batch=1 seq=8192 execute_ms=704.074
[synapse-embed-profile] modernbert_readback batch=1 seq=8192 readback_ms=1.226 total_ms=744.377
[synapse-embed-profile] modernbert_forward batch=1 seq=8192 forward_ms=2092.695
[synapse-embed-profile] modernbert_embed_ids items=1 shape=1x8192 total_ms=2092.861
[synapse-embed-profile] family_return call=2 inference_ms=2092.888
[synapse-embed-profile] bucket_select call=3 items=1 max_tokens=2600 shape=1x8192 select_ms=0.004
[synapse-embed-profile] modernbert_plan batch=1 seq=8192 plan_ms=0.013
[synapse-embed-profile] modernbert_executable batch=1 seq=8192 cached=1 select_ms=0.000
[synapse-embed-profile] modernbert_execute batch=1 seq=8192 execute_ms=736.010
[synapse-embed-profile] modernbert_readback batch=1 seq=8192 readback_ms=1.001 total_ms=771.923
[synapse-embed-profile] modernbert_forward batch=1 seq=8192 forward_ms=2076.717
[synapse-embed-profile] modernbert_embed_ids items=1 shape=1x8192 total_ms=2076.865
[synapse-embed-profile] family_return call=3 inference_ms=2076.900
[synapse-embed-profile] bucket_select call=4 items=1 max_tokens=2600 shape=1x8192 select_ms=0.004
[synapse-embed-profile] modernbert_plan batch=1 seq=8192 plan_ms=0.017
[synapse-embed-profile] modernbert_executable batch=1 seq=8192 cached=1 select_ms=0.000
[synapse-embed-profile] modernbert_execute batch=1 seq=8192 execute_ms=711.841
[synapse-embed-profile] modernbert_readback batch=1 seq=8192 readback_ms=1.355 total_ms=751.285
[synapse-embed-profile] modernbert_forward batch=1 seq=8192 forward_ms=2057.674
[synapse-embed-profile] modernbert_embed_ids items=1 shape=1x8192 total_ms=2057.829
[synapse-embed-profile] family_return call=4 inference_ms=2057.858
[synapse-embed-profile] bucket_select call=5 items=1 max_tokens=2600 shape=1x8192 select_ms=0.007
[synapse-embed-profile] modernbert_plan batch=1 seq=8192 plan_ms=0.013
[synapse-embed-profile] modernbert_executable batch=1 seq=8192 cached=1 select_ms=0.000
[synapse-embed-profile] modernbert_execute batch=1 seq=8192 execute_ms=906.226
[synapse-embed-profile] modernbert_readback batch=1 seq=8192 readback_ms=0.928 total_ms=947.711
[synapse-embed-profile] modernbert_forward batch=1 seq=8192 forward_ms=2384.155
[synapse-embed-profile] modernbert_embed_ids items=1 shape=1x8192 total_ms=2384.317
[synapse-embed-profile] family_return call=5 inference_ms=2384.431
[synapse-embed-profile] bucket_select call=6 items=1 max_tokens=2600 shape=1x8192 select_ms=0.006
[synapse-embed-profile] modernbert_plan batch=1 seq=8192 plan_ms=0.014
[synapse-embed-profile] modernbert_executable batch=1 seq=8192 cached=1 select_ms=0.000
[synapse-embed-profile] modernbert_execute batch=1 seq=8192 execute_ms=731.381
[synapse-embed-profile] modernbert_readback batch=1 seq=8192 readback_ms=3.417 total_ms=771.631
[synapse-embed-profile] modernbert_forward batch=1 seq=8192 forward_ms=2262.470
[synapse-embed-profile] modernbert_embed_ids items=1 shape=1x8192 total_ms=2262.619
[synapse-embed-profile] family_return call=6 inference_ms=2262.664
[synapse-embed-profile] bucket_select call=7 items=1 max_tokens=2600 shape=1x8192 select_ms=0.004
[synapse-embed-profile] modernbert_plan batch=1 seq=8192 plan_ms=0.012
[synapse-embed-profile] modernbert_executable batch=1 seq=8192 cached=1 select_ms=0.000
[synapse-embed-profile] modernbert_execute batch=1 seq=8192 execute_ms=706.957
[synapse-embed-profile] modernbert_readback batch=1 seq=8192 readback_ms=0.956 total_ms=748.161
[synapse-embed-profile] modernbert_forward batch=1 seq=8192 forward_ms=2194.678
[synapse-embed-profile] modernbert_embed_ids items=1 shape=1x8192 total_ms=2194.810
[synapse-embed-profile] family_return call=7 inference_ms=2194.841
[synapse-embed-profile] bucket_total items=7 bucket_calls=7 total_ms=15261.626
[synapse-embed-profile] bucket_select call=1 items=1 max_tokens=4096 shape=1x8192 select_ms=0.009
[synapse-embed-profile] modernbert_plan batch=1 seq=8192 plan_ms=0.018
[synapse-embed-profile] modernbert_executable batch=1 seq=8192 cached=1 select_ms=0.000
[synapse-embed-profile] modernbert_execute batch=1 seq=8192 execute_ms=779.638
[synapse-embed-profile] modernbert_readback batch=1 seq=8192 readback_ms=0.904 total_ms=817.635
[synapse-embed-profile] modernbert_forward batch=1 seq=8192 forward_ms=2253.863
[synapse-embed-profile] modernbert_embed_ids items=1 shape=1x8192 total_ms=2254.020
[synapse-embed-profile] family_return call=1 inference_ms=2254.044
[synapse-embed-profile] bucket_select call=2 items=1 max_tokens=4096 shape=1x8192 select_ms=0.005
[synapse-embed-profile] modernbert_plan batch=1 seq=8192 plan_ms=0.016
[synapse-embed-profile] modernbert_executable batch=1 seq=8192 cached=1 select_ms=0.000
[synapse-embed-profile] modernbert_execute batch=1 seq=8192 execute_ms=860.901
[synapse-embed-profile] modernbert_readback batch=1 seq=8192 readback_ms=1.353 total_ms=915.702
[synapse-embed-profile] modernbert_forward batch=1 seq=8192 forward_ms=2348.903
[synapse-embed-profile] modernbert_embed_ids items=1 shape=1x8192 total_ms=2351.631
[synapse-embed-profile] family_return call=2 inference_ms=2351.692
[synapse-embed-profile] bucket_select call=3 items=1 max_tokens=4096 shape=1x8192 select_ms=0.005
[synapse-embed-profile] modernbert_plan batch=1 seq=8192 plan_ms=0.016
[synapse-embed-profile] modernbert_executable batch=1 seq=8192 cached=1 select_ms=0.000
[synapse-embed-profile] modernbert_execute batch=1 seq=8192 execute_ms=717.721
[synapse-embed-profile] modernbert_readback batch=1 seq=8192 readback_ms=1.193 total_ms=764.375
[synapse-embed-profile] modernbert_forward batch=1 seq=8192 forward_ms=2513.535
[synapse-embed-profile] modernbert_embed_ids items=1 shape=1x8192 total_ms=2513.726
[synapse-embed-profile] family_return call=3 inference_ms=2513.759
[synapse-embed-profile] bucket_select call=4 items=1 max_tokens=4096 shape=1x8192 select_ms=0.004
[synapse-embed-profile] modernbert_plan batch=1 seq=8192 plan_ms=0.017
[synapse-embed-profile] modernbert_executable batch=1 seq=8192 cached=1 select_ms=0.000
[synapse-embed-profile] modernbert_execute batch=1 seq=8192 execute_ms=793.575
[synapse-embed-profile] modernbert_readback batch=1 seq=8192 readback_ms=0.988 total_ms=835.512
[synapse-embed-profile] modernbert_forward batch=1 seq=8192 forward_ms=2232.253
[synapse-embed-profile] modernbert_embed_ids items=1 shape=1x8192 total_ms=2232.420
[synapse-embed-profile] family_return call=4 inference_ms=2232.449
[synapse-embed-profile] bucket_total items=4 bucket_calls=4 total_ms=9352.408
[synapse-embed-profile] bucket_select call=1 items=1 max_tokens=4096 shape=1x8192 select_ms=0.003
[synapse-embed-profile] modernbert_plan batch=1 seq=8192 plan_ms=0.013
[synapse-embed-profile] modernbert_executable batch=1 seq=8192 cached=1 select_ms=0.000
[synapse-embed-profile] modernbert_execute batch=1 seq=8192 execute_ms=809.999
[synapse-embed-profile] modernbert_readback batch=1 seq=8192 readback_ms=0.890 total_ms=850.603
[synapse-embed-profile] modernbert_forward batch=1 seq=8192 forward_ms=2334.437
[synapse-embed-profile] modernbert_embed_ids items=1 shape=1x8192 total_ms=2334.592
[synapse-embed-profile] family_return call=1 inference_ms=2334.618
[synapse-embed-profile] bucket_select call=2 items=1 max_tokens=4096 shape=1x8192 select_ms=0.005
[synapse-embed-profile] modernbert_plan batch=1 seq=8192 plan_ms=0.016
[synapse-embed-profile] modernbert_executable batch=1 seq=8192 cached=1 select_ms=0.000
[synapse-embed-profile] modernbert_execute batch=1 seq=8192 execute_ms=790.265
[synapse-embed-profile] modernbert_readback batch=1 seq=8192 readback_ms=1.234 total_ms=829.314
[synapse-embed-profile] modernbert_forward batch=1 seq=8192 forward_ms=2266.169
[synapse-embed-profile] modernbert_embed_ids items=1 shape=1x8192 total_ms=2266.346
[synapse-embed-profile] family_return call=2 inference_ms=2266.375
[synapse-embed-profile] bucket_select call=3 items=1 max_tokens=4096 shape=1x8192 select_ms=0.005
[synapse-embed-profile] modernbert_plan batch=1 seq=8192 plan_ms=0.014
[synapse-embed-profile] modernbert_executable batch=1 seq=8192 cached=1 select_ms=0.000
[synapse-embed-profile] modernbert_execute batch=1 seq=8192 execute_ms=807.016
[synapse-embed-profile] modernbert_readback batch=1 seq=8192 readback_ms=1.225 total_ms=846.557
[synapse-embed-profile] modernbert_forward batch=1 seq=8192 forward_ms=2298.656
[synapse-embed-profile] modernbert_embed_ids items=1 shape=1x8192 total_ms=2298.802
[synapse-embed-profile] family_return call=3 inference_ms=2298.827
[synapse-embed-profile] bucket_select call=4 items=1 max_tokens=4096 shape=1x8192 select_ms=0.005
[synapse-embed-profile] modernbert_plan batch=1 seq=8192 plan_ms=0.017
[synapse-embed-profile] modernbert_executable batch=1 seq=8192 cached=1 select_ms=0.000
[synapse-embed-profile] modernbert_execute batch=1 seq=8192 execute_ms=806.497
[synapse-embed-profile] modernbert_readback batch=1 seq=8192 readback_ms=1.022 total_ms=849.241
[synapse-embed-profile] modernbert_forward batch=1 seq=8192 forward_ms=2256.965
[synapse-embed-profile] modernbert_embed_ids items=1 shape=1x8192 total_ms=2260.471
[synapse-embed-profile] family_return call=4 inference_ms=2260.510
[synapse-embed-profile] bucket_total items=4 bucket_calls=4 total_ms=9160.530
[synapse-embed-profile] bucket_select call=1 items=1 max_tokens=4096 shape=1x8192 select_ms=0.003
[synapse-embed-profile] modernbert_plan batch=1 seq=8192 plan_ms=0.015
[synapse-embed-profile] modernbert_executable batch=1 seq=8192 cached=1 select_ms=0.001
[synapse-embed-profile] modernbert_execute batch=1 seq=8192 execute_ms=838.475
[synapse-embed-profile] modernbert_readback batch=1 seq=8192 readback_ms=1.118 total_ms=880.302
[synapse-embed-profile] modernbert_forward batch=1 seq=8192 forward_ms=2317.309
[synapse-embed-profile] modernbert_embed_ids items=1 shape=1x8192 total_ms=2317.497
[synapse-embed-profile] family_return call=1 inference_ms=2317.522
[synapse-embed-profile] bucket_select call=2 items=1 max_tokens=4096 shape=1x8192 select_ms=0.005
[synapse-embed-profile] modernbert_plan batch=1 seq=8192 plan_ms=0.016
[synapse-embed-profile] modernbert_executable batch=1 seq=8192 cached=1 select_ms=0.000
[synapse-embed-profile] modernbert_execute batch=1 seq=8192 execute_ms=798.303
[synapse-embed-profile] modernbert_readback batch=1 seq=8192 readback_ms=0.955 total_ms=841.480
[synapse-embed-profile] modernbert_forward batch=1 seq=8192 forward_ms=2247.356
[synapse-embed-profile] modernbert_embed_ids items=1 shape=1x8192 total_ms=2247.530
[synapse-embed-profile] family_return call=2 inference_ms=2247.559
[synapse-embed-profile] bucket_select call=3 items=1 max_tokens=4096 shape=1x8192 select_ms=0.004
[synapse-embed-profile] modernbert_plan batch=1 seq=8192 plan_ms=0.017
[synapse-embed-profile] modernbert_executable batch=1 seq=8192 cached=1 select_ms=0.000
[synapse-embed-profile] modernbert_execute batch=1 seq=8192 execute_ms=815.007
[synapse-embed-profile] modernbert_readback batch=1 seq=8192 readback_ms=0.962 total_ms=852.128
[synapse-embed-profile] modernbert_forward batch=1 seq=8192 forward_ms=2248.413
[synapse-embed-profile] modernbert_embed_ids items=1 shape=1x8192 total_ms=2248.598
[synapse-embed-profile] family_return call=3 inference_ms=2248.629
[synapse-embed-profile] bucket_select call=4 items=1 max_tokens=4096 shape=1x8192 select_ms=0.004
[synapse-embed-profile] modernbert_plan batch=1 seq=8192 plan_ms=0.017
[synapse-embed-profile] modernbert_executable batch=1 seq=8192 cached=1 select_ms=0.000
[synapse-embed-profile] modernbert_execute batch=1 seq=8192 execute_ms=809.672
[synapse-embed-profile] modernbert_readback batch=1 seq=8192 readback_ms=1.172 total_ms=851.885
[synapse-embed-profile] modernbert_forward batch=1 seq=8192 forward_ms=2245.022
[synapse-embed-profile] modernbert_embed_ids items=1 shape=1x8192 total_ms=2245.196
[synapse-embed-profile] family_return call=4 inference_ms=2245.225
[synapse-embed-profile] bucket_total items=4 bucket_calls=4 total_ms=9062.862
[synapse-embed-profile] bucket_select call=1 items=1 max_tokens=511 shape=8x512 select_ms=0.002
[synapse-embed-profile] modernbert_plan batch=8 seq=512 plan_ms=0.017
[synapse-embed-profile] modernbert_executable batch=8 seq=512 cached=1 select_ms=0.000
[synapse-embed-profile] modernbert_execute batch=8 seq=512 execute_ms=245.647
[synapse-embed-profile] modernbert_readback batch=8 seq=512 readback_ms=0.483 total_ms=248.598
[synapse-embed-profile] modernbert_forward batch=8 seq=512 forward_ms=395.830
[synapse-embed-profile] modernbert_embed_ids items=1 shape=8x512 total_ms=395.944
[synapse-embed-profile] family_return call=1 inference_ms=395.974
[synapse-embed-profile] bucket_select call=2 items=1 max_tokens=513 shape=1x8192 select_ms=0.004
[synapse-embed-profile] modernbert_plan batch=1 seq=8192 plan_ms=0.013
[synapse-embed-profile] modernbert_executable batch=1 seq=8192 cached=1 select_ms=0.000
[synapse-embed-profile] modernbert_execute batch=1 seq=8192 execute_ms=742.101
[synapse-embed-profile] modernbert_readback batch=1 seq=8192 readback_ms=0.866 total_ms=782.208
[synapse-embed-profile] modernbert_forward batch=1 seq=8192 forward_ms=2192.100
[synapse-embed-profile] modernbert_embed_ids items=1 shape=1x8192 total_ms=2192.229
[synapse-embed-profile] family_return call=2 inference_ms=2192.259
[synapse-embed-profile] bucket_select call=3 items=1 max_tokens=603 shape=1x8192 select_ms=0.004
[synapse-embed-profile] modernbert_plan batch=1 seq=8192 plan_ms=0.015
[synapse-embed-profile] modernbert_executable batch=1 seq=8192 cached=1 select_ms=0.000
[synapse-embed-profile] modernbert_execute batch=1 seq=8192 execute_ms=806.338
[synapse-embed-profile] modernbert_readback batch=1 seq=8192 readback_ms=1.025 total_ms=850.720
[synapse-embed-profile] modernbert_forward batch=1 seq=8192 forward_ms=2233.466
[synapse-embed-profile] modernbert_embed_ids items=1 shape=1x8192 total_ms=2233.597
[synapse-embed-profile] family_return call=3 inference_ms=2233.629
[synapse-embed-profile] bucket_select call=4 items=1 max_tokens=1203 shape=1x8192 select_ms=0.005
[synapse-embed-profile] modernbert_plan batch=1 seq=8192 plan_ms=0.013
[synapse-embed-profile] modernbert_executable batch=1 seq=8192 cached=1 select_ms=0.000
[synapse-embed-profile] modernbert_execute batch=1 seq=8192 execute_ms=748.072
[synapse-embed-profile] modernbert_readback batch=1 seq=8192 readback_ms=1.233 total_ms=791.491
[synapse-embed-profile] modernbert_forward batch=1 seq=8192 forward_ms=2208.575
[synapse-embed-profile] modernbert_embed_ids items=1 shape=1x8192 total_ms=2208.719
[synapse-embed-profile] family_return call=4 inference_ms=2208.750
[synapse-embed-profile] bucket_select call=5 items=1 max_tokens=2600 shape=1x8192 select_ms=0.005
[synapse-embed-profile] modernbert_plan batch=1 seq=8192 plan_ms=0.013
[synapse-embed-profile] modernbert_executable batch=1 seq=8192 cached=1 select_ms=0.000
[synapse-embed-profile] modernbert_execute batch=1 seq=8192 execute_ms=734.781
[synapse-embed-profile] modernbert_readback batch=1 seq=8192 readback_ms=0.835 total_ms=775.399
[synapse-embed-profile] modernbert_forward batch=1 seq=8192 forward_ms=2307.198
[synapse-embed-profile] modernbert_embed_ids items=1 shape=1x8192 total_ms=2307.391
[synapse-embed-profile] family_return call=5 inference_ms=2307.460
[synapse-embed-profile] bucket_select call=6 items=1 max_tokens=4096 shape=1x8192 select_ms=0.004
[synapse-embed-profile] modernbert_plan batch=1 seq=8192 plan_ms=0.013
[synapse-embed-profile] modernbert_executable batch=1 seq=8192 cached=1 select_ms=0.000
[synapse-embed-profile] modernbert_execute batch=1 seq=8192 execute_ms=724.853
[synapse-embed-profile] modernbert_readback batch=1 seq=8192 readback_ms=1.058 total_ms=766.674
[synapse-embed-profile] modernbert_forward batch=1 seq=8192 forward_ms=2140.003
[synapse-embed-profile] modernbert_embed_ids items=1 shape=1x8192 total_ms=2140.201
[synapse-embed-profile] family_return call=6 inference_ms=2140.272
[synapse-embed-profile] bucket_total items=6 bucket_calls=6 total_ms=11478.800
[synapse-embed-profile] bucket_select call=1 items=1 max_tokens=511 shape=8x512 select_ms=0.003
[synapse-embed-profile] modernbert_plan batch=8 seq=512 plan_ms=0.015
[synapse-embed-profile] modernbert_executable batch=8 seq=512 cached=1 select_ms=0.000
[synapse-embed-profile] modernbert_execute batch=8 seq=512 execute_ms=186.600
[synapse-embed-profile] modernbert_readback batch=8 seq=512 readback_ms=0.627 total_ms=189.956
[synapse-embed-profile] modernbert_forward batch=8 seq=512 forward_ms=370.154
[synapse-embed-profile] modernbert_embed_ids items=1 shape=8x512 total_ms=370.280
[synapse-embed-profile] family_return call=1 inference_ms=370.314
[synapse-embed-profile] bucket_select call=2 items=1 max_tokens=513 shape=1x8192 select_ms=0.004
[synapse-embed-profile] modernbert_plan batch=1 seq=8192 plan_ms=0.011
[synapse-embed-profile] modernbert_executable batch=1 seq=8192 cached=1 select_ms=0.000
[synapse-embed-profile] modernbert_execute batch=1 seq=8192 execute_ms=684.095
[synapse-embed-profile] modernbert_readback batch=1 seq=8192 readback_ms=0.858 total_ms=721.943
[synapse-embed-profile] modernbert_forward batch=1 seq=8192 forward_ms=2242.971
[synapse-embed-profile] modernbert_embed_ids items=1 shape=1x8192 total_ms=2243.107
[synapse-embed-profile] family_return call=2 inference_ms=2243.137
[synapse-embed-profile] bucket_select call=3 items=1 max_tokens=603 shape=1x8192 select_ms=0.004
[synapse-embed-profile] modernbert_plan batch=1 seq=8192 plan_ms=0.015
[synapse-embed-profile] modernbert_executable batch=1 seq=8192 cached=1 select_ms=0.000
[synapse-embed-profile] modernbert_execute batch=1 seq=8192 execute_ms=741.557
[synapse-embed-profile] modernbert_readback batch=1 seq=8192 readback_ms=0.965 total_ms=783.388
[synapse-embed-profile] modernbert_forward batch=1 seq=8192 forward_ms=2212.853
[synapse-embed-profile] modernbert_embed_ids items=1 shape=1x8192 total_ms=2212.988
[synapse-embed-profile] family_return call=3 inference_ms=2213.027
[synapse-embed-profile] bucket_select call=4 items=1 max_tokens=1203 shape=1x8192 select_ms=0.005
[synapse-embed-profile] modernbert_plan batch=1 seq=8192 plan_ms=0.014
[synapse-embed-profile] modernbert_executable batch=1 seq=8192 cached=1 select_ms=0.000
[synapse-embed-profile] modernbert_execute batch=1 seq=8192 execute_ms=995.749
[synapse-embed-profile] modernbert_readback batch=1 seq=8192 readback_ms=1.102 total_ms=1040.914
[synapse-embed-profile] modernbert_forward batch=1 seq=8192 forward_ms=2525.465
[synapse-embed-profile] modernbert_embed_ids items=1 shape=1x8192 total_ms=2525.619
[synapse-embed-profile] family_return call=4 inference_ms=2525.651
[synapse-embed-profile] bucket_select call=5 items=1 max_tokens=2600 shape=1x8192 select_ms=0.005
[synapse-embed-profile] modernbert_plan batch=1 seq=8192 plan_ms=0.015
[synapse-embed-profile] modernbert_executable batch=1 seq=8192 cached=1 select_ms=0.001
[synapse-embed-profile] modernbert_execute batch=1 seq=8192 execute_ms=747.661
[synapse-embed-profile] modernbert_readback batch=1 seq=8192 readback_ms=1.523 total_ms=790.429
[synapse-embed-profile] modernbert_forward batch=1 seq=8192 forward_ms=2302.448
[synapse-embed-profile] modernbert_embed_ids items=1 shape=1x8192 total_ms=2302.612
[synapse-embed-profile] family_return call=5 inference_ms=2302.654
[synapse-embed-profile] bucket_select call=6 items=1 max_tokens=4096 shape=1x8192 select_ms=0.004
[synapse-embed-profile] modernbert_plan batch=1 seq=8192 plan_ms=0.019
[synapse-embed-profile] modernbert_executable batch=1 seq=8192 cached=1 select_ms=0.000
[synapse-embed-profile] modernbert_execute batch=1 seq=8192 execute_ms=790.728
[synapse-embed-profile] modernbert_readback batch=1 seq=8192 readback_ms=1.519 total_ms=836.020
[synapse-embed-profile] modernbert_forward batch=1 seq=8192 forward_ms=2409.529
[synapse-embed-profile] modernbert_embed_ids items=1 shape=1x8192 total_ms=2409.750
[synapse-embed-profile] family_return call=6 inference_ms=2409.802
[synapse-embed-profile] bucket_total items=6 bucket_calls=6 total_ms=12064.990
[synapse-embed-profile] bucket_select call=1 items=1 max_tokens=511 shape=8x512 select_ms=0.003
[synapse-embed-profile] modernbert_plan batch=8 seq=512 plan_ms=0.020
[synapse-embed-profile] modernbert_executable batch=8 seq=512 cached=1 select_ms=0.000
[synapse-embed-profile] modernbert_execute batch=8 seq=512 execute_ms=245.131
[synapse-embed-profile] modernbert_readback batch=8 seq=512 readback_ms=0.640 total_ms=251.028
[synapse-embed-profile] modernbert_forward batch=8 seq=512 forward_ms=418.747
[synapse-embed-profile] modernbert_embed_ids items=1 shape=8x512 total_ms=419.223
[synapse-embed-profile] family_return call=1 inference_ms=419.268
[synapse-embed-profile] bucket_select call=2 items=1 max_tokens=513 shape=1x8192 select_ms=0.005
[synapse-embed-profile] modernbert_plan batch=1 seq=8192 plan_ms=0.020
[synapse-embed-profile] modernbert_executable batch=1 seq=8192 cached=1 select_ms=0.001
[synapse-embed-profile] modernbert_execute batch=1 seq=8192 execute_ms=718.386
[synapse-embed-profile] modernbert_readback batch=1 seq=8192 readback_ms=0.900 total_ms=757.568
[synapse-embed-profile] modernbert_forward batch=1 seq=8192 forward_ms=2265.245
[synapse-embed-profile] modernbert_embed_ids items=1 shape=1x8192 total_ms=2265.378
[synapse-embed-profile] family_return call=2 inference_ms=2265.407
[synapse-embed-profile] bucket_select call=3 items=1 max_tokens=603 shape=1x8192 select_ms=0.004
[synapse-embed-profile] modernbert_plan batch=1 seq=8192 plan_ms=0.016
[synapse-embed-profile] modernbert_executable batch=1 seq=8192 cached=1 select_ms=0.001
[synapse-embed-profile] modernbert_execute batch=1 seq=8192 execute_ms=845.873
[synapse-embed-profile] modernbert_readback batch=1 seq=8192 readback_ms=1.119 total_ms=889.369
[synapse-embed-profile] modernbert_forward batch=1 seq=8192 forward_ms=2267.143
[synapse-embed-profile] modernbert_embed_ids items=1 shape=1x8192 total_ms=2267.278
[synapse-embed-profile] family_return call=3 inference_ms=2267.307
[synapse-embed-profile] bucket_select call=4 items=1 max_tokens=1203 shape=1x8192 select_ms=0.004
[synapse-embed-profile] modernbert_plan batch=1 seq=8192 plan_ms=0.018
[synapse-embed-profile] modernbert_executable batch=1 seq=8192 cached=1 select_ms=0.000
[synapse-embed-profile] modernbert_execute batch=1 seq=8192 execute_ms=838.578
[synapse-embed-profile] modernbert_readback batch=1 seq=8192 readback_ms=1.274 total_ms=879.369
[synapse-embed-profile] modernbert_forward batch=1 seq=8192 forward_ms=2285.601
[synapse-embed-profile] modernbert_embed_ids items=1 shape=1x8192 total_ms=2285.924
[synapse-embed-profile] family_return call=4 inference_ms=2286.013
[synapse-embed-profile] bucket_select call=5 items=1 max_tokens=2600 shape=1x8192 select_ms=0.005
[synapse-embed-profile] modernbert_plan batch=1 seq=8192 plan_ms=0.014
[synapse-embed-profile] modernbert_executable batch=1 seq=8192 cached=1 select_ms=0.000
[synapse-embed-profile] modernbert_execute batch=1 seq=8192 execute_ms=849.100
[synapse-embed-profile] modernbert_readback batch=1 seq=8192 readback_ms=1.023 total_ms=888.970
[synapse-embed-profile] modernbert_forward batch=1 seq=8192 forward_ms=2333.869
[synapse-embed-profile] modernbert_embed_ids items=1 shape=1x8192 total_ms=2334.025
[synapse-embed-profile] family_return call=5 inference_ms=2334.058
[synapse-embed-profile] bucket_select call=6 items=1 max_tokens=4096 shape=1x8192 select_ms=0.005
[synapse-embed-profile] modernbert_plan batch=1 seq=8192 plan_ms=0.015
[synapse-embed-profile] modernbert_executable batch=1 seq=8192 cached=1 select_ms=0.000
[synapse-embed-profile] modernbert_execute batch=1 seq=8192 execute_ms=819.099
[synapse-embed-profile] modernbert_readback batch=1 seq=8192 readback_ms=1.174 total_ms=860.697
[synapse-embed-profile] modernbert_forward batch=1 seq=8192 forward_ms=2248.899
[synapse-embed-profile] modernbert_embed_ids items=1 shape=1x8192 total_ms=2249.071
[synapse-embed-profile] family_return call=6 inference_ms=2249.104
[synapse-embed-profile] bucket_total items=6 bucket_calls=6 total_ms=11821.723
