[synapse-embed-profile] modernbert_plan batch=8 seq=64 plan_ms=16.672
[synapse-embed-profile] modernbert_executable batch=8 seq=64 cached=0 select_ms=6.846
[synapse-embed-profile] modernbert_execute batch=8 seq=64 execute_ms=40.822
[synapse-embed-profile] modernbert_readback batch=8 seq=64 readback_ms=0.049 total_ms=88.400
[synapse-embed-profile] modernbert_forward batch=8 seq=64 forward_ms=100.754
[synapse-embed-profile] modernbert_embed_ids items=1 shape=8x64 total_ms=100.797
[synapse-embed-profile] modernbert_plan batch=8 seq=96 plan_ms=17.881
[synapse-embed-profile] modernbert_executable batch=8 seq=96 cached=0 select_ms=1.644
[synapse-embed-profile] modernbert_execute batch=8 seq=96 execute_ms=28.267
[synapse-embed-profile] modernbert_readback batch=8 seq=96 readback_ms=0.073 total_ms=48.228
[synapse-embed-profile] modernbert_forward batch=8 seq=96 forward_ms=66.695
[synapse-embed-profile] modernbert_embed_ids items=1 shape=8x96 total_ms=66.738
[synapse-embed-profile] modernbert_plan batch=8 seq=128 plan_ms=16.629
[synapse-embed-profile] modernbert_executable batch=8 seq=128 cached=0 select_ms=4.313
[synapse-embed-profile] modernbert_execute batch=8 seq=128 execute_ms=34.992
[synapse-embed-profile] modernbert_readback batch=8 seq=128 readback_ms=0.098 total_ms=58.805
[synapse-embed-profile] modernbert_forward batch=8 seq=128 forward_ms=84.709
[synapse-embed-profile] modernbert_embed_ids items=1 shape=8x128 total_ms=84.767
[synapse-embed-profile] modernbert_plan batch=8 seq=160 plan_ms=17.680
[synapse-embed-profile] modernbert_executable batch=8 seq=160 cached=0 select_ms=1.862
[synapse-embed-profile] modernbert_execute batch=8 seq=160 execute_ms=38.720
[synapse-embed-profile] modernbert_readback batch=8 seq=160 readback_ms=0.128 total_ms=58.967
[synapse-embed-profile] modernbert_forward batch=8 seq=160 forward_ms=92.228
[synapse-embed-profile] modernbert_embed_ids items=1 shape=8x160 total_ms=92.303
[synapse-embed-profile] modernbert_plan batch=8 seq=192 plan_ms=16.848
[synapse-embed-profile] modernbert_executable batch=8 seq=192 cached=0 select_ms=1.681
[synapse-embed-profile] modernbert_execute batch=8 seq=192 execute_ms=42.684
[synapse-embed-profile] modernbert_readback batch=8 seq=192 readback_ms=0.172 total_ms=62.005
[synapse-embed-profile] modernbert_forward batch=8 seq=192 forward_ms=101.180
[synapse-embed-profile] modernbert_embed_ids items=1 shape=8x192 total_ms=101.240
[synapse-embed-profile] modernbert_plan batch=8 seq=256 plan_ms=16.834
[synapse-embed-profile] modernbert_executable batch=8 seq=256 cached=0 select_ms=1.692
[synapse-embed-profile] modernbert_execute batch=8 seq=256 execute_ms=53.091
[synapse-embed-profile] modernbert_readback batch=8 seq=256 readback_ms=0.191 total_ms=72.553
[synapse-embed-profile] modernbert_forward batch=8 seq=256 forward_ms=126.862
[synapse-embed-profile] modernbert_embed_ids items=1 shape=8x256 total_ms=126.921
[synapse-embed-profile] modernbert_plan batch=8 seq=320 plan_ms=16.681
[synapse-embed-profile] modernbert_executable batch=8 seq=320 cached=0 select_ms=4.314
[synapse-embed-profile] modernbert_execute batch=8 seq=320 execute_ms=61.691
[synapse-embed-profile] modernbert_readback batch=8 seq=320 readback_ms=0.251 total_ms=87.418
[synapse-embed-profile] modernbert_forward batch=8 seq=320 forward_ms=157.904
[synapse-embed-profile] modernbert_embed_ids items=1 shape=8x320 total_ms=157.974
[synapse-embed-profile] modernbert_plan batch=8 seq=384 plan_ms=16.266
[synapse-embed-profile] modernbert_executable batch=8 seq=384 cached=0 select_ms=1.584
[synapse-embed-profile] modernbert_execute batch=8 seq=384 execute_ms=74.469
[synapse-embed-profile] modernbert_readback batch=8 seq=384 readback_ms=0.268 total_ms=93.807
[synapse-embed-profile] modernbert_forward batch=8 seq=384 forward_ms=182.500
[synapse-embed-profile] modernbert_embed_ids items=1 shape=8x384 total_ms=182.565
[synapse-embed-profile] modernbert_plan batch=8 seq=448 plan_ms=16.088
[synapse-embed-profile] modernbert_executable batch=8 seq=448 cached=0 select_ms=1.604
[synapse-embed-profile] modernbert_execute batch=8 seq=448 execute_ms=86.787
[synapse-embed-profile] modernbert_readback batch=8 seq=448 readback_ms=0.315 total_ms=106.423
[synapse-embed-profile] modernbert_forward batch=8 seq=448 forward_ms=213.588
[synapse-embed-profile] modernbert_embed_ids items=1 shape=8x448 total_ms=213.654
[synapse-embed-profile] modernbert_plan batch=8 seq=512 plan_ms=16.664
[synapse-embed-profile] modernbert_executable batch=8 seq=512 cached=0 select_ms=1.804
[synapse-embed-profile] modernbert_execute batch=8 seq=512 execute_ms=104.241
[synapse-embed-profile] modernbert_readback batch=8 seq=512 readback_ms=0.390 total_ms=125.147
[synapse-embed-profile] modernbert_forward batch=8 seq=512 forward_ms=251.408
[synapse-embed-profile] modernbert_embed_ids items=1 shape=8x512 total_ms=251.478
[synapse-embed-profile] bucket_select call=1 items=8 max_tokens=131 shape=8x160 select_ms=0.004
[synapse-embed-profile] modernbert_plan batch=8 seq=160 plan_ms=0.014
[synapse-embed-profile] modernbert_executable batch=8 seq=160 cached=1 select_ms=0.000
[synapse-embed-profile] modernbert_execute batch=8 seq=160 execute_ms=29.068
[synapse-embed-profile] modernbert_readback batch=8 seq=160 readback_ms=0.145 total_ms=29.728
[synapse-embed-profile] modernbert_forward batch=8 seq=160 forward_ms=61.316
[synapse-embed-profile] modernbert_embed_ids items=8 shape=8x160 total_ms=61.445
[synapse-embed-profile] family_return call=1 inference_ms=61.466
[synapse-embed-profile] bucket_total items=8 bucket_calls=1 total_ms=61.540
[synapse-embed-profile] bucket_select call=1 items=8 max_tokens=131 shape=8x160 select_ms=0.001
[synapse-embed-profile] modernbert_plan batch=8 seq=160 plan_ms=0.013
[synapse-embed-profile] modernbert_executable batch=8 seq=160 cached=1 select_ms=0.000
[synapse-embed-profile] modernbert_execute batch=8 seq=160 execute_ms=29.241
[synapse-embed-profile] modernbert_readback batch=8 seq=160 readback_ms=0.124 total_ms=29.893
[synapse-embed-profile] modernbert_forward batch=8 seq=160 forward_ms=60.761
[synapse-embed-profile] modernbert_embed_ids items=8 shape=8x160 total_ms=60.884
[synapse-embed-profile] family_return call=1 inference_ms=60.906
[synapse-embed-profile] bucket_total items=8 bucket_calls=1 total_ms=60.951
[synapse-embed-profile] bucket_select call=1 items=8 max_tokens=131 shape=8x160 select_ms=0.001
[synapse-embed-profile] modernbert_plan batch=8 seq=160 plan_ms=0.013
[synapse-embed-profile] modernbert_executable batch=8 seq=160 cached=1 select_ms=0.000
[synapse-embed-profile] modernbert_execute batch=8 seq=160 execute_ms=29.199
[synapse-embed-profile] modernbert_readback batch=8 seq=160 readback_ms=0.121 total_ms=29.813
[synapse-embed-profile] modernbert_forward batch=8 seq=160 forward_ms=60.302
[synapse-embed-profile] modernbert_embed_ids items=8 shape=8x160 total_ms=60.414
[synapse-embed-profile] family_return call=1 inference_ms=60.432
[synapse-embed-profile] bucket_total items=8 bucket_calls=1 total_ms=60.475
[synapse-embed-profile] bucket_select call=1 items=8 max_tokens=131 shape=8x160 select_ms=0.001
[synapse-embed-profile] modernbert_plan batch=8 seq=160 plan_ms=0.012
[synapse-embed-profile] modernbert_executable batch=8 seq=160 cached=1 select_ms=0.000
[synapse-embed-profile] modernbert_execute batch=8 seq=160 execute_ms=29.507
[synapse-embed-profile] modernbert_readback batch=8 seq=160 readback_ms=0.115 total_ms=30.101
[synapse-embed-profile] modernbert_forward batch=8 seq=160 forward_ms=60.707
[synapse-embed-profile] modernbert_embed_ids items=8 shape=8x160 total_ms=60.819
[synapse-embed-profile] family_return call=1 inference_ms=60.837
[synapse-embed-profile] bucket_total items=8 bucket_calls=1 total_ms=60.879
[synapse-embed-profile] bucket_select call=1 items=8 max_tokens=131 shape=8x160 select_ms=0.001
[synapse-embed-profile] modernbert_plan batch=8 seq=160 plan_ms=0.015
[synapse-embed-profile] modernbert_executable batch=8 seq=160 cached=1 select_ms=0.000
[synapse-embed-profile] modernbert_execute batch=8 seq=160 execute_ms=29.965
[synapse-embed-profile] modernbert_readback batch=8 seq=160 readback_ms=0.142 total_ms=31.290
[synapse-embed-profile] modernbert_forward batch=8 seq=160 forward_ms=62.314
[synapse-embed-profile] modernbert_embed_ids items=8 shape=8x160 total_ms=62.452
[synapse-embed-profile] family_return call=1 inference_ms=62.486
[synapse-embed-profile] bucket_total items=8 bucket_calls=1 total_ms=62.547
[synapse-embed-profile] bucket_select call=1 items=8 max_tokens=131 shape=8x160 select_ms=0.001
[synapse-embed-profile] modernbert_plan batch=8 seq=160 plan_ms=0.013
[synapse-embed-profile] modernbert_executable batch=8 seq=160 cached=1 select_ms=0.000
[synapse-embed-profile] modernbert_execute batch=8 seq=160 execute_ms=30.121
[synapse-embed-profile] modernbert_readback batch=8 seq=160 readback_ms=0.122 total_ms=30.764
[synapse-embed-profile] modernbert_forward batch=8 seq=160 forward_ms=61.891
[synapse-embed-profile] modernbert_embed_ids items=8 shape=8x160 total_ms=62.010
[synapse-embed-profile] family_return call=1 inference_ms=62.032
[synapse-embed-profile] bucket_total items=8 bucket_calls=1 total_ms=62.086
[synapse-embed-profile] bucket_select call=1 items=8 max_tokens=131 shape=8x160 select_ms=0.001
[synapse-embed-profile] modernbert_plan batch=8 seq=160 plan_ms=0.014
[synapse-embed-profile] modernbert_executable batch=8 seq=160 cached=1 select_ms=0.000
[synapse-embed-profile] modernbert_execute batch=8 seq=160 execute_ms=29.594
[synapse-embed-profile] modernbert_readback batch=8 seq=160 readback_ms=0.121 total_ms=30.195
[synapse-embed-profile] modernbert_forward batch=8 seq=160 forward_ms=60.958
[synapse-embed-profile] modernbert_embed_ids items=8 shape=8x160 total_ms=61.067
[synapse-embed-profile] family_return call=1 inference_ms=61.085
[synapse-embed-profile] bucket_total items=8 bucket_calls=1 total_ms=61.130
[synapse-embed-profile] bucket_select call=1 items=8 max_tokens=131 shape=8x160 select_ms=0.001
[synapse-embed-profile] modernbert_plan batch=8 seq=160 plan_ms=0.011
[synapse-embed-profile] modernbert_executable batch=8 seq=160 cached=1 select_ms=0.000
[synapse-embed-profile] modernbert_execute batch=8 seq=160 execute_ms=29.449
[synapse-embed-profile] modernbert_readback batch=8 seq=160 readback_ms=0.125 total_ms=30.046
[synapse-embed-profile] modernbert_forward batch=8 seq=160 forward_ms=60.732
[synapse-embed-profile] modernbert_embed_ids items=8 shape=8x160 total_ms=60.846
[synapse-embed-profile] family_return call=1 inference_ms=60.870
[synapse-embed-profile] bucket_total items=8 bucket_calls=1 total_ms=60.913
[synapse-embed-profile] bucket_select call=1 items=8 max_tokens=320 shape=8x320 select_ms=0.001
[synapse-embed-profile] modernbert_plan batch=8 seq=320 plan_ms=0.017
[synapse-embed-profile] modernbert_executable batch=8 seq=320 cached=1 select_ms=0.000
[synapse-embed-profile] modernbert_execute batch=8 seq=320 execute_ms=55.791
[synapse-embed-profile] modernbert_readback batch=8 seq=320 readback_ms=0.245 total_ms=57.106
[synapse-embed-profile] modernbert_forward batch=8 seq=320 forward_ms=126.237
[synapse-embed-profile] modernbert_embed_ids items=8 shape=8x320 total_ms=126.381
[synapse-embed-profile] family_return call=1 inference_ms=126.405
[synapse-embed-profile] bucket_total items=8 bucket_calls=1 total_ms=126.451
[synapse-embed-profile] bucket_select call=1 items=8 max_tokens=320 shape=8x320 select_ms=0.002
[synapse-embed-profile] modernbert_plan batch=8 seq=320 plan_ms=0.014
[synapse-embed-profile] modernbert_executable batch=8 seq=320 cached=1 select_ms=0.000
[synapse-embed-profile] modernbert_execute batch=8 seq=320 execute_ms=55.695
[synapse-embed-profile] modernbert_readback batch=8 seq=320 readback_ms=0.251 total_ms=56.987
[synapse-embed-profile] modernbert_forward batch=8 seq=320 forward_ms=124.919
[synapse-embed-profile] modernbert_embed_ids items=8 shape=8x320 total_ms=125.066
[synapse-embed-profile] family_return call=1 inference_ms=125.085
[synapse-embed-profile] bucket_total items=8 bucket_calls=1 total_ms=125.132
[synapse-embed-profile] bucket_select call=1 items=8 max_tokens=320 shape=8x320 select_ms=0.001
[synapse-embed-profile] modernbert_plan batch=8 seq=320 plan_ms=0.013
[synapse-embed-profile] modernbert_executable batch=8 seq=320 cached=1 select_ms=0.000
[synapse-embed-profile] modernbert_execute batch=8 seq=320 execute_ms=55.576
[synapse-embed-profile] modernbert_readback batch=8 seq=320 readback_ms=0.255 total_ms=56.764
[synapse-embed-profile] modernbert_forward batch=8 seq=320 forward_ms=123.990
[synapse-embed-profile] modernbert_embed_ids items=8 shape=8x320 total_ms=124.129
[synapse-embed-profile] family_return call=1 inference_ms=124.151
[synapse-embed-profile] bucket_total items=8 bucket_calls=1 total_ms=124.196
[synapse-embed-profile] bucket_select call=1 items=8 max_tokens=320 shape=8x320 select_ms=0.001
[synapse-embed-profile] modernbert_plan batch=8 seq=320 plan_ms=0.012
[synapse-embed-profile] modernbert_executable batch=8 seq=320 cached=1 select_ms=0.000
[synapse-embed-profile] modernbert_execute batch=8 seq=320 execute_ms=56.228
[synapse-embed-profile] modernbert_readback batch=8 seq=320 readback_ms=0.242 total_ms=57.495
[synapse-embed-profile] modernbert_forward batch=8 seq=320 forward_ms=125.155
[synapse-embed-profile] modernbert_embed_ids items=8 shape=8x320 total_ms=125.301
[synapse-embed-profile] family_return call=1 inference_ms=125.323
[synapse-embed-profile] bucket_total items=8 bucket_calls=1 total_ms=125.367
[synapse-embed-profile] bucket_select call=1 items=8 max_tokens=320 shape=8x320 select_ms=0.001
[synapse-embed-profile] modernbert_plan batch=8 seq=320 plan_ms=0.014
[synapse-embed-profile] modernbert_executable batch=8 seq=320 cached=1 select_ms=0.001
[synapse-embed-profile] modernbert_execute batch=8 seq=320 execute_ms=56.439
[synapse-embed-profile] modernbert_readback batch=8 seq=320 readback_ms=0.267 total_ms=57.682
[synapse-embed-profile] modernbert_forward batch=8 seq=320 forward_ms=125.272
[synapse-embed-profile] modernbert_embed_ids items=8 shape=8x320 total_ms=125.408
[synapse-embed-profile] family_return call=1 inference_ms=125.427
[synapse-embed-profile] bucket_total items=8 bucket_calls=1 total_ms=125.470
[synapse-embed-profile] bucket_select call=1 items=8 max_tokens=320 shape=8x320 select_ms=0.001
[synapse-embed-profile] modernbert_plan batch=8 seq=320 plan_ms=0.012
[synapse-embed-profile] modernbert_executable batch=8 seq=320 cached=1 select_ms=0.000
[synapse-embed-profile] modernbert_execute batch=8 seq=320 execute_ms=57.685
[synapse-embed-profile] modernbert_readback batch=8 seq=320 readback_ms=0.241 total_ms=58.872
[synapse-embed-profile] modernbert_forward batch=8 seq=320 forward_ms=126.515
[synapse-embed-profile] modernbert_embed_ids items=8 shape=8x320 total_ms=126.669
[synapse-embed-profile] family_return call=1 inference_ms=126.690
[synapse-embed-profile] bucket_total items=8 bucket_calls=1 total_ms=126.734
[synapse-embed-profile] bucket_select call=1 items=8 max_tokens=320 shape=8x320 select_ms=0.001
[synapse-embed-profile] modernbert_plan batch=8 seq=320 plan_ms=0.012
[synapse-embed-profile] modernbert_executable batch=8 seq=320 cached=1 select_ms=0.000
[synapse-embed-profile] modernbert_execute batch=8 seq=320 execute_ms=56.803
[synapse-embed-profile] modernbert_readback batch=8 seq=320 readback_ms=0.250 total_ms=58.021
[synapse-embed-profile] modernbert_forward batch=8 seq=320 forward_ms=125.457
[synapse-embed-profile] modernbert_embed_ids items=8 shape=8x320 total_ms=125.605
[synapse-embed-profile] family_return call=1 inference_ms=125.626
[synapse-embed-profile] bucket_total items=8 bucket_calls=1 total_ms=125.670
[synapse-embed-profile] bucket_select call=1 items=8 max_tokens=320 shape=8x320 select_ms=0.001
[synapse-embed-profile] modernbert_plan batch=8 seq=320 plan_ms=0.012
[synapse-embed-profile] modernbert_executable batch=8 seq=320 cached=1 select_ms=0.000
[synapse-embed-profile] modernbert_execute batch=8 seq=320 execute_ms=56.521
[synapse-embed-profile] modernbert_readback batch=8 seq=320 readback_ms=0.233 total_ms=57.659
[synapse-embed-profile] modernbert_forward batch=8 seq=320 forward_ms=125.254
[synapse-embed-profile] modernbert_embed_ids items=8 shape=8x320 total_ms=125.397
[synapse-embed-profile] family_return call=1 inference_ms=125.416
[synapse-embed-profile] bucket_total items=8 bucket_calls=1 total_ms=125.470
[synapse-embed-profile] bucket_select call=1 items=8 max_tokens=448 shape=8x448 select_ms=0.002
[synapse-embed-profile] modernbert_plan batch=8 seq=448 plan_ms=0.013
[synapse-embed-profile] modernbert_executable batch=8 seq=448 cached=1 select_ms=0.000
[synapse-embed-profile] modernbert_execute batch=8 seq=448 execute_ms=83.122
[synapse-embed-profile] modernbert_readback batch=8 seq=448 readback_ms=0.343 total_ms=84.858
[synapse-embed-profile] modernbert_forward batch=8 seq=448 forward_ms=186.572
[synapse-embed-profile] modernbert_embed_ids items=8 shape=8x448 total_ms=186.737
[synapse-embed-profile] family_return call=1 inference_ms=186.756
[synapse-embed-profile] bucket_total items=8 bucket_calls=1 total_ms=186.804
[synapse-embed-profile] bucket_select call=1 items=8 max_tokens=448 shape=8x448 select_ms=0.002
[synapse-embed-profile] modernbert_plan batch=8 seq=448 plan_ms=0.016
[synapse-embed-profile] modernbert_executable batch=8 seq=448 cached=1 select_ms=0.000
[synapse-embed-profile] modernbert_execute batch=8 seq=448 execute_ms=81.245
[synapse-embed-profile] modernbert_readback batch=8 seq=448 readback_ms=0.330 total_ms=83.220
[synapse-embed-profile] modernbert_forward batch=8 seq=448 forward_ms=184.064
[synapse-embed-profile] modernbert_embed_ids items=8 shape=8x448 total_ms=184.236
[synapse-embed-profile] family_return call=1 inference_ms=184.273
[synapse-embed-profile] bucket_total items=8 bucket_calls=1 total_ms=184.336
[synapse-embed-profile] bucket_select call=1 items=8 max_tokens=448 shape=8x448 select_ms=0.001
[synapse-embed-profile] modernbert_plan batch=8 seq=448 plan_ms=0.011
[synapse-embed-profile] modernbert_executable batch=8 seq=448 cached=1 select_ms=0.000
[synapse-embed-profile] modernbert_execute batch=8 seq=448 execute_ms=82.183
[synapse-embed-profile] modernbert_readback batch=8 seq=448 readback_ms=0.401 total_ms=84.986
[synapse-embed-profile] modernbert_forward batch=8 seq=448 forward_ms=186.412
[synapse-embed-profile] modernbert_embed_ids items=8 shape=8x448 total_ms=187.630
[synapse-embed-profile] family_return call=1 inference_ms=187.663
[synapse-embed-profile] bucket_total items=8 bucket_calls=1 total_ms=187.750
[synapse-embed-profile] bucket_select call=1 items=8 max_tokens=448 shape=8x448 select_ms=0.001
[synapse-embed-profile] modernbert_plan batch=8 seq=448 plan_ms=0.013
[synapse-embed-profile] modernbert_executable batch=8 seq=448 cached=1 select_ms=0.000
[synapse-embed-profile] modernbert_execute batch=8 seq=448 execute_ms=83.467
[synapse-embed-profile] modernbert_readback batch=8 seq=448 readback_ms=0.349 total_ms=85.400
[synapse-embed-profile] modernbert_forward batch=8 seq=448 forward_ms=186.505
[synapse-embed-profile] modernbert_embed_ids items=8 shape=8x448 total_ms=186.672
[synapse-embed-profile] family_return call=1 inference_ms=186.698
[synapse-embed-profile] bucket_total items=8 bucket_calls=1 total_ms=186.987
[synapse-embed-profile] bucket_select call=1 items=8 max_tokens=448 shape=8x448 select_ms=0.002
[synapse-embed-profile] modernbert_plan batch=8 seq=448 plan_ms=0.013
[synapse-embed-profile] modernbert_executable batch=8 seq=448 cached=1 select_ms=0.000
[synapse-embed-profile] modernbert_execute batch=8 seq=448 execute_ms=83.393
[synapse-embed-profile] modernbert_readback batch=8 seq=448 readback_ms=0.338 total_ms=85.524
[synapse-embed-profile] modernbert_forward batch=8 seq=448 forward_ms=187.086
[synapse-embed-profile] modernbert_embed_ids items=8 shape=8x448 total_ms=187.249
[synapse-embed-profile] family_return call=1 inference_ms=187.268
[synapse-embed-profile] bucket_total items=8 bucket_calls=1 total_ms=187.351
[synapse-embed-profile] bucket_select call=1 items=8 max_tokens=448 shape=8x448 select_ms=0.001
[synapse-embed-profile] modernbert_plan batch=8 seq=448 plan_ms=0.016
[synapse-embed-profile] modernbert_executable batch=8 seq=448 cached=1 select_ms=0.000
[synapse-embed-profile] modernbert_execute batch=8 seq=448 execute_ms=82.671
[synapse-embed-profile] modernbert_readback batch=8 seq=448 readback_ms=0.359 total_ms=84.626
[synapse-embed-profile] modernbert_forward batch=8 seq=448 forward_ms=187.778
[synapse-embed-profile] modernbert_embed_ids items=8 shape=8x448 total_ms=187.938
[synapse-embed-profile] family_return call=1 inference_ms=187.960
[synapse-embed-profile] bucket_total items=8 bucket_calls=1 total_ms=188.004
[synapse-embed-profile] bucket_select call=1 items=8 max_tokens=448 shape=8x448 select_ms=0.001
[synapse-embed-profile] modernbert_plan batch=8 seq=448 plan_ms=0.016
[synapse-embed-profile] modernbert_executable batch=8 seq=448 cached=1 select_ms=0.000
[synapse-embed-profile] modernbert_execute batch=8 seq=448 execute_ms=83.009
[synapse-embed-profile] modernbert_readback batch=8 seq=448 readback_ms=0.371 total_ms=85.069
[synapse-embed-profile] modernbert_forward batch=8 seq=448 forward_ms=192.580
[synapse-embed-profile] modernbert_embed_ids items=8 shape=8x448 total_ms=192.758
[synapse-embed-profile] family_return call=1 inference_ms=192.780
[synapse-embed-profile] bucket_total items=8 bucket_calls=1 total_ms=192.828
[synapse-embed-profile] bucket_select call=1 items=8 max_tokens=448 shape=8x448 select_ms=0.001
[synapse-embed-profile] modernbert_plan batch=8 seq=448 plan_ms=0.013
[synapse-embed-profile] modernbert_executable batch=8 seq=448 cached=1 select_ms=0.000
[synapse-embed-profile] modernbert_execute batch=8 seq=448 execute_ms=82.343
[synapse-embed-profile] modernbert_readback batch=8 seq=448 readback_ms=0.381 total_ms=88.341
[synapse-embed-profile] modernbert_forward batch=8 seq=448 forward_ms=196.643
[synapse-embed-profile] modernbert_embed_ids items=8 shape=8x448 total_ms=197.286
[synapse-embed-profile] family_return call=1 inference_ms=197.325
[synapse-embed-profile] bucket_total items=8 bucket_calls=1 total_ms=197.398
