[synapse-embed-profile] modernbert_plan batch=8 seq=64 plan_ms=15.275
[synapse-embed-profile] modernbert_executable batch=8 seq=64 cached=0 select_ms=137.377
[synapse-embed-profile] modernbert_execute batch=8 seq=64 execute_ms=36.877
[synapse-embed-profile] modernbert_readback batch=8 seq=64 readback_ms=0.123 total_ms=225.534
[synapse-embed-profile] modernbert_forward batch=8 seq=64 forward_ms=238.248
[synapse-embed-profile] modernbert_embed_ids items=1 shape=8x64 total_ms=238.309
[synapse-embed-profile] modernbert_plan batch=8 seq=96 plan_ms=18.458
[synapse-embed-profile] modernbert_executable batch=8 seq=96 cached=0 select_ms=126.088
[synapse-embed-profile] modernbert_execute batch=8 seq=96 execute_ms=22.516
[synapse-embed-profile] modernbert_readback batch=8 seq=96 readback_ms=0.144 total_ms=167.634
[synapse-embed-profile] modernbert_forward batch=8 seq=96 forward_ms=186.004
[synapse-embed-profile] modernbert_embed_ids items=1 shape=8x96 total_ms=186.059
[synapse-embed-profile] modernbert_plan batch=8 seq=128 plan_ms=15.414
[synapse-embed-profile] modernbert_executable batch=8 seq=128 cached=0 select_ms=124.059
[synapse-embed-profile] modernbert_execute batch=8 seq=128 execute_ms=23.141
[synapse-embed-profile] modernbert_readback batch=8 seq=128 readback_ms=0.156 total_ms=163.280
[synapse-embed-profile] modernbert_forward batch=8 seq=128 forward_ms=188.261
[synapse-embed-profile] modernbert_embed_ids items=1 shape=8x128 total_ms=188.316
[synapse-embed-profile] modernbert_plan batch=8 seq=160 plan_ms=15.453
[synapse-embed-profile] modernbert_executable batch=8 seq=160 cached=0 select_ms=125.925
[synapse-embed-profile] modernbert_execute batch=8 seq=160 execute_ms=29.612
[synapse-embed-profile] modernbert_readback batch=8 seq=160 readback_ms=0.133 total_ms=171.627
[synapse-embed-profile] modernbert_forward batch=8 seq=160 forward_ms=203.075
[synapse-embed-profile] modernbert_embed_ids items=1 shape=8x160 total_ms=203.128
[synapse-embed-profile] modernbert_plan batch=8 seq=192 plan_ms=15.355
[synapse-embed-profile] modernbert_executable batch=8 seq=192 cached=0 select_ms=125.984
[synapse-embed-profile] modernbert_execute batch=8 seq=192 execute_ms=32.195
[synapse-embed-profile] modernbert_readback batch=8 seq=192 readback_ms=0.139 total_ms=174.318
[synapse-embed-profile] modernbert_forward batch=8 seq=192 forward_ms=212.251
[synapse-embed-profile] modernbert_embed_ids items=1 shape=8x192 total_ms=212.306
[synapse-embed-profile] modernbert_plan batch=8 seq=256 plan_ms=16.238
[synapse-embed-profile] modernbert_executable batch=8 seq=256 cached=0 select_ms=126.282
[synapse-embed-profile] modernbert_execute batch=8 seq=256 execute_ms=41.793
[synapse-embed-profile] modernbert_readback batch=8 seq=256 readback_ms=0.194 total_ms=185.255
[synapse-embed-profile] modernbert_forward batch=8 seq=256 forward_ms=238.771
[synapse-embed-profile] modernbert_embed_ids items=1 shape=8x256 total_ms=238.844
[synapse-embed-profile] modernbert_plan batch=8 seq=320 plan_ms=15.982
[synapse-embed-profile] modernbert_executable batch=8 seq=320 cached=0 select_ms=125.229
[synapse-embed-profile] modernbert_execute batch=8 seq=320 execute_ms=52.231
[synapse-embed-profile] modernbert_readback batch=8 seq=320 readback_ms=0.235 total_ms=194.740
[synapse-embed-profile] modernbert_forward batch=8 seq=320 forward_ms=265.618
[synapse-embed-profile] modernbert_embed_ids items=1 shape=8x320 total_ms=265.700
[synapse-embed-profile] modernbert_plan batch=8 seq=384 plan_ms=15.997
[synapse-embed-profile] modernbert_executable batch=8 seq=384 cached=0 select_ms=122.684
[synapse-embed-profile] modernbert_execute batch=8 seq=384 execute_ms=63.705
[synapse-embed-profile] modernbert_readback batch=8 seq=384 readback_ms=0.282 total_ms=204.037
[synapse-embed-profile] modernbert_forward batch=8 seq=384 forward_ms=291.760
[synapse-embed-profile] modernbert_embed_ids items=1 shape=8x384 total_ms=291.831
[synapse-embed-profile] modernbert_plan batch=8 seq=448 plan_ms=15.924
[synapse-embed-profile] modernbert_executable batch=8 seq=448 cached=0 select_ms=124.450
[synapse-embed-profile] modernbert_execute batch=8 seq=448 execute_ms=74.676
[synapse-embed-profile] modernbert_readback batch=8 seq=448 readback_ms=0.337 total_ms=216.895
[synapse-embed-profile] modernbert_forward batch=8 seq=448 forward_ms=322.335
[synapse-embed-profile] modernbert_embed_ids items=1 shape=8x448 total_ms=322.412
[synapse-embed-profile] modernbert_plan batch=8 seq=512 plan_ms=15.495
[synapse-embed-profile] modernbert_executable batch=8 seq=512 cached=0 select_ms=125.498
[synapse-embed-profile] modernbert_execute batch=8 seq=512 execute_ms=92.417
[synapse-embed-profile] modernbert_readback batch=8 seq=512 readback_ms=0.408 total_ms=236.095
[synapse-embed-profile] modernbert_forward batch=8 seq=512 forward_ms=361.586
[synapse-embed-profile] modernbert_embed_ids items=1 shape=8x512 total_ms=361.661
[synapse-embed-profile] modernbert_plan batch=1 seq=8192 plan_ms=14.980
[synapse-embed-profile] modernbert_executable batch=1 seq=8192 cached=0 select_ms=124.446
[synapse-embed-profile] modernbert_execute batch=1 seq=8192 execute_ms=567.141
[synapse-embed-profile] modernbert_readback batch=1 seq=8192 readback_ms=1.207 total_ms=749.930
[synapse-embed-profile] modernbert_forward batch=1 seq=8192 forward_ms=2613.402
[synapse-embed-profile] modernbert_embed_ids items=1 shape=1x8192 total_ms=2613.483
[synapse-embed-profile] bucket_select call=1 items=1 max_tokens=511 shape=8x512 select_ms=0.003
[synapse-embed-profile] modernbert_plan batch=8 seq=512 plan_ms=0.024
[synapse-embed-profile] modernbert_executable batch=8 seq=512 cached=1 select_ms=0.000
[synapse-embed-profile] modernbert_execute batch=8 seq=512 execute_ms=131.113
[synapse-embed-profile] modernbert_readback batch=8 seq=512 readback_ms=0.396 total_ms=133.325
[synapse-embed-profile] modernbert_forward batch=8 seq=512 forward_ms=253.141
[synapse-embed-profile] modernbert_embed_ids items=1 shape=8x512 total_ms=253.229
[synapse-embed-profile] family_return call=1 inference_ms=253.247
[synapse-embed-profile] bucket_total items=1 bucket_calls=1 total_ms=253.288
[synapse-embed-profile] bucket_select call=1 items=1 max_tokens=511 shape=8x512 select_ms=0.002
[synapse-embed-profile] modernbert_plan batch=8 seq=512 plan_ms=0.019
[synapse-embed-profile] modernbert_executable batch=8 seq=512 cached=1 select_ms=0.000
[synapse-embed-profile] modernbert_execute batch=8 seq=512 execute_ms=132.516
[synapse-embed-profile] modernbert_readback batch=8 seq=512 readback_ms=0.376 total_ms=134.823
[synapse-embed-profile] modernbert_forward batch=8 seq=512 forward_ms=253.735
[synapse-embed-profile] modernbert_embed_ids items=1 shape=8x512 total_ms=253.820
[synapse-embed-profile] family_return call=1 inference_ms=253.840
[synapse-embed-profile] bucket_total items=1 bucket_calls=1 total_ms=253.879
[synapse-embed-profile] bucket_select call=1 items=1 max_tokens=511 shape=8x512 select_ms=0.003
[synapse-embed-profile] modernbert_plan batch=8 seq=512 plan_ms=0.012
[synapse-embed-profile] modernbert_executable batch=8 seq=512 cached=1 select_ms=0.000
[synapse-embed-profile] modernbert_execute batch=8 seq=512 execute_ms=117.351
[synapse-embed-profile] modernbert_readback batch=8 seq=512 readback_ms=0.394 total_ms=119.445
[synapse-embed-profile] modernbert_forward batch=8 seq=512 forward_ms=238.619
[synapse-embed-profile] modernbert_embed_ids items=1 shape=8x512 total_ms=238.701
[synapse-embed-profile] family_return call=1 inference_ms=238.720
[synapse-embed-profile] bucket_total items=1 bucket_calls=1 total_ms=238.762
[synapse-embed-profile] bucket_select call=1 items=1 max_tokens=511 shape=8x512 select_ms=0.002
[synapse-embed-profile] modernbert_plan batch=8 seq=512 plan_ms=0.015
[synapse-embed-profile] modernbert_executable batch=8 seq=512 cached=1 select_ms=0.000
[synapse-embed-profile] modernbert_execute batch=8 seq=512 execute_ms=112.064
[synapse-embed-profile] modernbert_readback batch=8 seq=512 readback_ms=0.417 total_ms=118.250
[synapse-embed-profile] modernbert_forward batch=8 seq=512 forward_ms=236.970
[synapse-embed-profile] modernbert_embed_ids items=1 shape=8x512 total_ms=240.237
[synapse-embed-profile] family_return call=1 inference_ms=240.281
[synapse-embed-profile] bucket_total items=1 bucket_calls=1 total_ms=240.351
[synapse-embed-profile] bucket_select call=1 items=1 max_tokens=513 shape=1x8192 select_ms=0.002
[synapse-embed-profile] modernbert_plan batch=1 seq=8192 plan_ms=0.021
[synapse-embed-profile] modernbert_executable batch=1 seq=8192 cached=1 select_ms=0.000
[synapse-embed-profile] modernbert_execute batch=1 seq=8192 execute_ms=553.496
[synapse-embed-profile] modernbert_readback batch=1 seq=8192 readback_ms=0.721 total_ms=588.381
[synapse-embed-profile] modernbert_forward batch=1 seq=8192 forward_ms=1760.909
[synapse-embed-profile] modernbert_embed_ids items=1 shape=1x8192 total_ms=1761.000
[synapse-embed-profile] family_return call=1 inference_ms=1761.018
[synapse-embed-profile] bucket_total items=1 bucket_calls=1 total_ms=1761.101
[synapse-embed-profile] bucket_select call=1 items=1 max_tokens=513 shape=1x8192 select_ms=0.002
[synapse-embed-profile] modernbert_plan batch=1 seq=8192 plan_ms=0.019
[synapse-embed-profile] modernbert_executable batch=1 seq=8192 cached=1 select_ms=0.000
[synapse-embed-profile] modernbert_execute batch=1 seq=8192 execute_ms=555.443
[synapse-embed-profile] modernbert_readback batch=1 seq=8192 readback_ms=0.792 total_ms=591.543
[synapse-embed-profile] modernbert_forward batch=1 seq=8192 forward_ms=1743.576
[synapse-embed-profile] modernbert_embed_ids items=1 shape=1x8192 total_ms=1746.511
[synapse-embed-profile] family_return call=1 inference_ms=1746.555
[synapse-embed-profile] bucket_total items=1 bucket_calls=1 total_ms=1746.600
[synapse-embed-profile] bucket_select call=1 items=1 max_tokens=513 shape=1x8192 select_ms=0.002
[synapse-embed-profile] modernbert_plan batch=1 seq=8192 plan_ms=0.019
[synapse-embed-profile] modernbert_executable batch=1 seq=8192 cached=1 select_ms=0.000
[synapse-embed-profile] modernbert_execute batch=1 seq=8192 execute_ms=563.810
[synapse-embed-profile] modernbert_readback batch=1 seq=8192 readback_ms=0.738 total_ms=598.475
[synapse-embed-profile] modernbert_forward batch=1 seq=8192 forward_ms=1765.315
[synapse-embed-profile] modernbert_embed_ids items=1 shape=1x8192 total_ms=1765.410
[synapse-embed-profile] family_return call=1 inference_ms=1765.428
[synapse-embed-profile] bucket_total items=1 bucket_calls=1 total_ms=1765.476
[synapse-embed-profile] bucket_select call=1 items=1 max_tokens=513 shape=1x8192 select_ms=0.002
[synapse-embed-profile] modernbert_plan batch=1 seq=8192 plan_ms=0.022
[synapse-embed-profile] modernbert_executable batch=1 seq=8192 cached=1 select_ms=0.000
[synapse-embed-profile] modernbert_execute batch=1 seq=8192 execute_ms=577.572
[synapse-embed-profile] modernbert_readback batch=1 seq=8192 readback_ms=0.762 total_ms=616.482
[synapse-embed-profile] modernbert_forward batch=1 seq=8192 forward_ms=1795.798
[synapse-embed-profile] modernbert_embed_ids items=1 shape=1x8192 total_ms=1795.890
[synapse-embed-profile] family_return call=1 inference_ms=1795.909
[synapse-embed-profile] bucket_total items=1 bucket_calls=1 total_ms=1795.950
[synapse-embed-profile] bucket_select call=1 items=1 max_tokens=603 shape=1x8192 select_ms=0.002
[synapse-embed-profile] modernbert_plan batch=1 seq=8192 plan_ms=0.020
[synapse-embed-profile] modernbert_executable batch=1 seq=8192 cached=1 select_ms=0.001
[synapse-embed-profile] modernbert_execute batch=1 seq=8192 execute_ms=567.082
[synapse-embed-profile] modernbert_readback batch=1 seq=8192 readback_ms=0.752 total_ms=603.116
[synapse-embed-profile] modernbert_forward batch=1 seq=8192 forward_ms=1756.572
[synapse-embed-profile] modernbert_embed_ids items=1 shape=1x8192 total_ms=1756.664
[synapse-embed-profile] family_return call=1 inference_ms=1756.682
[synapse-embed-profile] bucket_total items=1 bucket_calls=1 total_ms=1756.722
[synapse-embed-profile] bucket_select call=1 items=1 max_tokens=603 shape=1x8192 select_ms=0.002
[synapse-embed-profile] modernbert_plan batch=1 seq=8192 plan_ms=0.016
[synapse-embed-profile] modernbert_executable batch=1 seq=8192 cached=1 select_ms=0.000
[synapse-embed-profile] modernbert_execute batch=1 seq=8192 execute_ms=561.135
[synapse-embed-profile] modernbert_readback batch=1 seq=8192 readback_ms=0.757 total_ms=597.181
[synapse-embed-profile] modernbert_forward batch=1 seq=8192 forward_ms=1746.852
[synapse-embed-profile] modernbert_embed_ids items=1 shape=1x8192 total_ms=1746.946
[synapse-embed-profile] family_return call=1 inference_ms=1746.964
[synapse-embed-profile] bucket_total items=1 bucket_calls=1 total_ms=1747.004
[synapse-embed-profile] bucket_select call=1 items=1 max_tokens=603 shape=1x8192 select_ms=0.002
[synapse-embed-profile] modernbert_plan batch=1 seq=8192 plan_ms=0.015
[synapse-embed-profile] modernbert_executable batch=1 seq=8192 cached=1 select_ms=0.000
[synapse-embed-profile] modernbert_execute batch=1 seq=8192 execute_ms=554.432
[synapse-embed-profile] modernbert_readback batch=1 seq=8192 readback_ms=0.789 total_ms=588.957
[synapse-embed-profile] modernbert_forward batch=1 seq=8192 forward_ms=1737.013
[synapse-embed-profile] modernbert_embed_ids items=1 shape=1x8192 total_ms=1737.091
[synapse-embed-profile] family_return call=1 inference_ms=1737.113
[synapse-embed-profile] bucket_total items=1 bucket_calls=1 total_ms=1737.153
[synapse-embed-profile] bucket_select call=1 items=1 max_tokens=603 shape=1x8192 select_ms=0.002
[synapse-embed-profile] modernbert_plan batch=1 seq=8192 plan_ms=0.020
[synapse-embed-profile] modernbert_executable batch=1 seq=8192 cached=1 select_ms=0.000
[synapse-embed-profile] modernbert_execute batch=1 seq=8192 execute_ms=553.685
[synapse-embed-profile] modernbert_readback batch=1 seq=8192 readback_ms=0.764 total_ms=588.622
[synapse-embed-profile] modernbert_forward batch=1 seq=8192 forward_ms=1735.562
[synapse-embed-profile] modernbert_embed_ids items=1 shape=1x8192 total_ms=1735.649
[synapse-embed-profile] family_return call=1 inference_ms=1735.669
[synapse-embed-profile] bucket_total items=1 bucket_calls=1 total_ms=1735.709
[synapse-embed-profile] bucket_select call=1 items=1 max_tokens=1203 shape=1x8192 select_ms=0.002
[synapse-embed-profile] modernbert_plan batch=1 seq=8192 plan_ms=0.021
[synapse-embed-profile] modernbert_executable batch=1 seq=8192 cached=1 select_ms=0.000
[synapse-embed-profile] modernbert_execute batch=1 seq=8192 execute_ms=557.708
[synapse-embed-profile] modernbert_readback batch=1 seq=8192 readback_ms=0.867 total_ms=594.518
[synapse-embed-profile] modernbert_forward batch=1 seq=8192 forward_ms=1747.032
[synapse-embed-profile] modernbert_embed_ids items=1 shape=1x8192 total_ms=1747.137
[synapse-embed-profile] family_return call=1 inference_ms=1747.159
[synapse-embed-profile] bucket_total items=1 bucket_calls=1 total_ms=1747.200
[synapse-embed-profile] bucket_select call=1 items=1 max_tokens=1203 shape=1x8192 select_ms=0.003
[synapse-embed-profile] modernbert_plan batch=1 seq=8192 plan_ms=0.023
[synapse-embed-profile] modernbert_executable batch=1 seq=8192 cached=1 select_ms=0.000
[synapse-embed-profile] modernbert_execute batch=1 seq=8192 execute_ms=560.332
[synapse-embed-profile] modernbert_readback batch=1 seq=8192 readback_ms=0.754 total_ms=594.892
[synapse-embed-profile] modernbert_forward batch=1 seq=8192 forward_ms=1746.363
[synapse-embed-profile] modernbert_embed_ids items=1 shape=1x8192 total_ms=1746.462
[synapse-embed-profile] family_return call=1 inference_ms=1746.480
[synapse-embed-profile] bucket_total items=1 bucket_calls=1 total_ms=1746.531
[synapse-embed-profile] bucket_select call=1 items=1 max_tokens=1203 shape=1x8192 select_ms=0.002
[synapse-embed-profile] modernbert_plan batch=1 seq=8192 plan_ms=0.023
[synapse-embed-profile] modernbert_executable batch=1 seq=8192 cached=1 select_ms=0.000
[synapse-embed-profile] modernbert_execute batch=1 seq=8192 execute_ms=568.083
[synapse-embed-profile] modernbert_readback batch=1 seq=8192 readback_ms=0.775 total_ms=604.356
[synapse-embed-profile] modernbert_forward batch=1 seq=8192 forward_ms=1760.685
[synapse-embed-profile] modernbert_embed_ids items=1 shape=1x8192 total_ms=1760.783
[synapse-embed-profile] family_return call=1 inference_ms=1760.801
[synapse-embed-profile] bucket_total items=1 bucket_calls=1 total_ms=1760.853
[synapse-embed-profile] bucket_select call=1 items=1 max_tokens=1203 shape=1x8192 select_ms=0.002
[synapse-embed-profile] modernbert_plan batch=1 seq=8192 plan_ms=0.020
[synapse-embed-profile] modernbert_executable batch=1 seq=8192 cached=1 select_ms=0.000
[synapse-embed-profile] modernbert_execute batch=1 seq=8192 execute_ms=559.934
[synapse-embed-profile] modernbert_readback batch=1 seq=8192 readback_ms=0.829 total_ms=596.599
[synapse-embed-profile] modernbert_forward batch=1 seq=8192 forward_ms=1750.022
[synapse-embed-profile] modernbert_embed_ids items=1 shape=1x8192 total_ms=1750.137
[synapse-embed-profile] family_return call=1 inference_ms=1750.163
[synapse-embed-profile] bucket_total items=1 bucket_calls=1 total_ms=1750.206
[synapse-embed-profile] bucket_select call=1 items=4 max_tokens=511 shape=8x512 select_ms=0.003
[synapse-embed-profile] modernbert_plan batch=8 seq=512 plan_ms=0.020
[synapse-embed-profile] modernbert_executable batch=8 seq=512 cached=1 select_ms=0.000
[synapse-embed-profile] modernbert_execute batch=8 seq=512 execute_ms=114.171
[synapse-embed-profile] modernbert_readback batch=8 seq=512 readback_ms=0.455 total_ms=116.643
[synapse-embed-profile] modernbert_forward batch=8 seq=512 forward_ms=251.971
[synapse-embed-profile] modernbert_embed_ids items=4 shape=8x512 total_ms=252.144
[synapse-embed-profile] family_return call=1 inference_ms=252.167
[synapse-embed-profile] bucket_select call=2 items=1 max_tokens=603 shape=1x8192 select_ms=0.004
[synapse-embed-profile] modernbert_plan batch=1 seq=8192 plan_ms=0.020
[synapse-embed-profile] modernbert_executable batch=1 seq=8192 cached=1 select_ms=0.000
[synapse-embed-profile] modernbert_execute batch=1 seq=8192 execute_ms=556.386
[synapse-embed-profile] modernbert_readback batch=1 seq=8192 readback_ms=0.728 total_ms=594.670
[synapse-embed-profile] modernbert_forward batch=1 seq=8192 forward_ms=1845.338
[synapse-embed-profile] modernbert_embed_ids items=1 shape=1x8192 total_ms=1845.466
[synapse-embed-profile] family_return call=2 inference_ms=1845.498
[synapse-embed-profile] bucket_select call=3 items=1 max_tokens=1193 shape=1x8192 select_ms=0.004
[synapse-embed-profile] modernbert_plan batch=1 seq=8192 plan_ms=0.022
[synapse-embed-profile] modernbert_executable batch=1 seq=8192 cached=1 select_ms=0.000
[synapse-embed-profile] modernbert_execute batch=1 seq=8192 execute_ms=545.201
[synapse-embed-profile] modernbert_readback batch=1 seq=8192 readback_ms=0.738 total_ms=585.084
[synapse-embed-profile] modernbert_forward batch=1 seq=8192 forward_ms=1732.349
[synapse-embed-profile] modernbert_embed_ids items=1 shape=1x8192 total_ms=1732.460
[synapse-embed-profile] family_return call=3 inference_ms=1732.510
[synapse-embed-profile] bucket_total items=6 bucket_calls=3 total_ms=3830.343
[synapse-embed-profile] bucket_select call=1 items=4 max_tokens=511 shape=8x512 select_ms=0.003
[synapse-embed-profile] modernbert_plan batch=8 seq=512 plan_ms=0.018
[synapse-embed-profile] modernbert_executable batch=8 seq=512 cached=1 select_ms=0.000
[synapse-embed-profile] modernbert_execute batch=8 seq=512 execute_ms=109.141
[synapse-embed-profile] modernbert_readback batch=8 seq=512 readback_ms=0.418 total_ms=112.189
[synapse-embed-profile] modernbert_forward batch=8 seq=512 forward_ms=231.266
[synapse-embed-profile] modernbert_embed_ids items=4 shape=8x512 total_ms=231.395
[synapse-embed-profile] family_return call=1 inference_ms=231.421
[synapse-embed-profile] bucket_select call=2 items=1 max_tokens=603 shape=1x8192 select_ms=0.005
[synapse-embed-profile] modernbert_plan batch=1 seq=8192 plan_ms=0.019
[synapse-embed-profile] modernbert_executable batch=1 seq=8192 cached=1 select_ms=0.000
[synapse-embed-profile] modernbert_execute batch=1 seq=8192 execute_ms=539.155
[synapse-embed-profile] modernbert_readback batch=1 seq=8192 readback_ms=0.715 total_ms=573.805
[synapse-embed-profile] modernbert_forward batch=1 seq=8192 forward_ms=1718.148
[synapse-embed-profile] modernbert_embed_ids items=1 shape=1x8192 total_ms=1719.455
[synapse-embed-profile] family_return call=2 inference_ms=1719.505
[synapse-embed-profile] bucket_select call=3 items=1 max_tokens=1193 shape=1x8192 select_ms=0.008
[synapse-embed-profile] modernbert_plan batch=1 seq=8192 plan_ms=0.019
[synapse-embed-profile] modernbert_executable batch=1 seq=8192 cached=1 select_ms=0.000
[synapse-embed-profile] modernbert_execute batch=1 seq=8192 execute_ms=534.123
[synapse-embed-profile] modernbert_readback batch=1 seq=8192 readback_ms=0.770 total_ms=567.574
[synapse-embed-profile] modernbert_forward batch=1 seq=8192 forward_ms=1716.808
[synapse-embed-profile] modernbert_embed_ids items=1 shape=1x8192 total_ms=1716.923
[synapse-embed-profile] family_return call=3 inference_ms=1716.948
[synapse-embed-profile] bucket_total items=6 bucket_calls=3 total_ms=3668.155
[synapse-embed-profile] bucket_select call=1 items=4 max_tokens=511 shape=8x512 select_ms=0.003
[synapse-embed-profile] modernbert_plan batch=8 seq=512 plan_ms=0.017
[synapse-embed-profile] modernbert_executable batch=8 seq=512 cached=1 select_ms=0.000
[synapse-embed-profile] modernbert_execute batch=8 seq=512 execute_ms=102.162
[synapse-embed-profile] modernbert_readback batch=8 seq=512 readback_ms=0.432 total_ms=104.466
[synapse-embed-profile] modernbert_forward batch=8 seq=512 forward_ms=223.065
[synapse-embed-profile] modernbert_embed_ids items=4 shape=8x512 total_ms=223.182
[synapse-embed-profile] family_return call=1 inference_ms=223.208
[synapse-embed-profile] bucket_select call=2 items=1 max_tokens=603 shape=1x8192 select_ms=0.004
[synapse-embed-profile] modernbert_plan batch=1 seq=8192 plan_ms=0.014
[synapse-embed-profile] modernbert_executable batch=1 seq=8192 cached=1 select_ms=0.000
[synapse-embed-profile] modernbert_execute batch=1 seq=8192 execute_ms=535.454
[synapse-embed-profile] modernbert_readback batch=1 seq=8192 readback_ms=0.767 total_ms=571.666
[synapse-embed-profile] modernbert_forward batch=1 seq=8192 forward_ms=1722.179
[synapse-embed-profile] modernbert_embed_ids items=1 shape=1x8192 total_ms=1722.271
[synapse-embed-profile] family_return call=2 inference_ms=1722.294
[synapse-embed-profile] bucket_select call=3 items=1 max_tokens=1193 shape=1x8192 select_ms=0.004
[synapse-embed-profile] modernbert_plan batch=1 seq=8192 plan_ms=0.018
[synapse-embed-profile] modernbert_executable batch=1 seq=8192 cached=1 select_ms=0.000
[synapse-embed-profile] modernbert_execute batch=1 seq=8192 execute_ms=543.078
[synapse-embed-profile] modernbert_readback batch=1 seq=8192 readback_ms=0.924 total_ms=583.198
[synapse-embed-profile] modernbert_forward batch=1 seq=8192 forward_ms=1732.335
[synapse-embed-profile] modernbert_embed_ids items=1 shape=1x8192 total_ms=1732.719
[synapse-embed-profile] family_return call=3 inference_ms=1732.759
[synapse-embed-profile] bucket_total items=6 bucket_calls=3 total_ms=3678.385
[synapse-embed-profile] bucket_select call=1 items=4 max_tokens=511 shape=8x512 select_ms=0.004
[synapse-embed-profile] modernbert_plan batch=8 seq=512 plan_ms=0.018
[synapse-embed-profile] modernbert_executable batch=8 seq=512 cached=1 select_ms=0.000
[synapse-embed-profile] modernbert_execute batch=8 seq=512 execute_ms=109.907
[synapse-embed-profile] modernbert_readback batch=8 seq=512 readback_ms=0.425 total_ms=113.376
[synapse-embed-profile] modernbert_forward batch=8 seq=512 forward_ms=236.752
[synapse-embed-profile] modernbert_embed_ids items=4 shape=8x512 total_ms=236.860
[synapse-embed-profile] family_return call=1 inference_ms=236.881
[synapse-embed-profile] bucket_select call=2 items=1 max_tokens=603 shape=1x8192 select_ms=0.005
[synapse-embed-profile] modernbert_plan batch=1 seq=8192 plan_ms=0.019
[synapse-embed-profile] modernbert_executable batch=1 seq=8192 cached=1 select_ms=0.000
[synapse-embed-profile] modernbert_execute batch=1 seq=8192 execute_ms=545.709
[synapse-embed-profile] modernbert_readback batch=1 seq=8192 readback_ms=0.771 total_ms=582.963
[synapse-embed-profile] modernbert_forward batch=1 seq=8192 forward_ms=1752.970
[synapse-embed-profile] modernbert_embed_ids items=1 shape=1x8192 total_ms=1753.070
[synapse-embed-profile] family_return call=2 inference_ms=1753.105
[synapse-embed-profile] bucket_select call=3 items=1 max_tokens=1193 shape=1x8192 select_ms=0.004
[synapse-embed-profile] modernbert_plan batch=1 seq=8192 plan_ms=0.019
[synapse-embed-profile] modernbert_executable batch=1 seq=8192 cached=1 select_ms=0.000
[synapse-embed-profile] modernbert_execute batch=1 seq=8192 execute_ms=559.074
[synapse-embed-profile] modernbert_readback batch=1 seq=8192 readback_ms=0.781 total_ms=601.705
[synapse-embed-profile] modernbert_forward batch=1 seq=8192 forward_ms=1757.937
[synapse-embed-profile] modernbert_embed_ids items=1 shape=1x8192 total_ms=1758.039
[synapse-embed-profile] family_return call=3 inference_ms=1758.060
[synapse-embed-profile] bucket_total items=6 bucket_calls=3 total_ms=3748.192
