prefrontal-build-slot: waiting for a compile slot (2 slots, all busy; queued behind other worktrees' builds). This is not a hang.
prefrontal-build-slot: waiting for a compile slot (2 slots, all busy; queued behind other worktrees' builds). This is not a hang.
prefrontal-build-slot: waiting for a compile slot (2 slots, all busy; queued behind other worktrees' builds). This is not a hang.
prefrontal-build-slot: waiting for a compile slot (2 slots, all busy; queued behind other worktrees' builds). This is not a hang.
prefrontal-build-slot: waiting for a compile slot (2 slots, all busy; queued behind other worktrees' builds). This is not a hang.
     Running tests/gpu_parity.rs (target/release/deps/gpu_parity-783633c9ba8da8d2)

running 1 test
test four_models_match_reference_vectors_scores_window_and_padding ... MoltenVK plain-path adapter: {"index":0,"discrete":false,"cpu":false,"vendor":4203,"api_major":1,"api_minor":3,"shader_float16":true,"storage_buffer16_bit_access":true,"subgroup_arithmetic":true,"subgroup_compute_stage":true,"max_storage_buffer_range":4294967295,"device_local_heaps":[137438953472],"cooperative_matrix":false}
{"vulkan_load_report":{"allocations":1,"driver_memory_requirements_size":563911424,"heap_index":0,"requested_device_local_bytes":563911424}}
gte-modernbert-base short-0 cosine=0.999997855
gte-modernbert-base short-1 cosine=0.999999904
gte-modernbert-base short-2 cosine=0.999802254
gte-modernbert-base short-3 cosine=0.999999926
gte-modernbert-base boundary-129 cosine=0.962833922
gte-modernbert-base batch-0 cosine=0.999999940
gte-modernbert-base batch-1 cosine=0.999999904
gte-modernbert-base batch-2 cosine=0.999999914
gte-modernbert-base batch-3 cosine=0.999999872
gte-modernbert-base batch-4 cosine=0.967787696
gte-modernbert-base batch-5 cosine=0.952105542
GPU_PARITY gte-modernbert-base min_cosine=0.952105542 rows=11 padded_width=200

thread 'four_models_match_reference_vectors_scores_window_and_padding' (43475009) panicked at crates/synapse-worker-vulkan/tests/gpu_parity.rs:171:13:
gte-modernbert-base min cosine 0.952105542132977
FAILED

failures:

failures:
    four_models_match_reference_vectors_scores_window_and_padding

test result: FAILED. 0 passed; 1 failed; 0 ignored; 0 measured; 0 filtered out; finished in 3.73s

error: test failed, to rerun pass `-p synapse-worker-vulkan --test gpu_parity`
