2026-10-03T12:05:48Z load 10.06 10.35 17.50 rig_claims 0
2026-10-03T12:06:03Z load 11.61 10.67 17.49 rig_claims 0
2026-10-03T12:06:18Z load 16.36 11.81 17.78 rig_claims 0
2026-10-03T12:06:33Z load 18.03 12.40 17.88 rig_claims 0
2026-10-03T12:06:48Z load 18.31 12.75 17.91 rig_claims 0
2026-10-03T12:07:03Z load 19.31 13.23 17.99 rig_claims 0
2026-10-03T12:07:18Z load 21.38 14.02 18.19 rig_claims 0
2026-10-03T12:07:33Z load 28.35 15.82 18.76 rig_claims 0
2026-10-03T12:07:48Z load 29.08 16.64 19.00 rig_claims 0
2026-10-03T12:08:03Z load 27.43 16.87 19.04 rig_claims 0
2026-10-03T12:08:18Z load 26.49 17.20 19.12 rig_claims 0
2026-10-03T12:08:33Z load 23.95 17.10 19.05 rig_claims 0
2026-10-03T12:08:48Z load 22.75 17.18 19.04 rig_claims 0
2026-10-03T12:09:03Z load 21.39 17.15 19.00 rig_claims 0
2026-10-03T12:09:18Z load 22.24 17.54 19.11 rig_claims 0
2026-10-03T12:09:33Z load 22.92 17.90 19.21 rig_claims 0
2026-10-03T12:09:48Z load 25.86 18.83 19.52 rig_claims 0
2026-10-03T12:10:03Z load 27.50 19.55 19.76 rig_claims 0
2026-10-03T12:10:18Z load 29.48 20.43 20.07 rig_claims 0
2026-10-03T12:10:33Z load 29.52 20.89 20.25 rig_claims 0
2026-10-03T12:10:48Z load 28.13 21.01 20.30 rig_claims 0
